
> vocab-tool@2.0.0 check
> node scripts/check.mjs


1) 前端模块 import 检查
  ✔ public/core.js 可被导入
  ✔ public/quiz.js 可被导入
  ✔ public/chapters.js 可被导入
  ✔ public/ui.js 可被导入
  ✔ public/vocab-auth.js 可被导入
  ✔ public/app.js 可被导入
  ✔ public/lecture.js 可被导入

2) 词库一致性
  ✔ chapters.js 解析成功：22 章
  ✔ data-1.json：227 词，id 唯一
  ✔ data-2.json：130 词，id 唯一
  ✔ data-3.json：168 词，id 唯一
  ✔ data-4.json：70 词，id 唯一
  ✔ data-5.json：401 词，id 唯一
  ✔ data-6.json：122 词，id 唯一
  ✔ data-7.json：79 词，id 唯一
  ✔ data-8.json：68 词，id 唯一
  ✔ data-9.json：175 词，id 唯一
  ✔ data-10.json：135 词，id 唯一
  ✔ data-11.json：91 词，id 唯一
  ✔ data-12.json：172 词，id 唯一
  ✔ data-13.json：132 词，id 唯一
  ✔ data-14.json：139 词，id 唯一
  ✔ data-15.json：135 词，id 唯一
  ✔ data-16.json：171 词，id 唯一
  ✔ data-17.json：101 词，id 唯一
  ✔ data-18.json：186 词，id 唯一
  ✔ data-19.json：124 词，id 唯一
  ✔ data-20.json：268 词，id 唯一
  ✔ data-21.json：417 词，id 唯一
  ✔ data-22.json：57 词，id 唯一
  → 合计 3568 词

3) HTML 资源引用 / 无内联脚本
  ✔ index.html 引用的 6 个本地资源都存在
  ✔ index.html 无内联脚本（CSP script-src 'self' 兼容）
  ✔ index.html 无重复 id（52 个）
  ✔ app.js 引用的 50 个元素 id 都存在
  ✔ 课程讲义.html 引用的 6 个本地资源都存在
  ✔ 课程讲义.html 无内联脚本（CSP script-src 'self' 兼容）
  ✔ 课程讲义.html 无重复 id（20 个）
  ✔ lecture.js 引用的 20 个元素 id 都存在

4) 旧引用清理
  ✔ 没有遗留的 data-N.js / 传统 script 引入

5) CSS 自定义属性
  ✔ 4 个 CSS 文件，48 个变量引用全部有定义

6) Worker 与部署配置
  ✔ wrangler main → worker/index.js 存在
  ✔ 旧的 worker/index.ts 已移除
  ✔ 迁移文件 3 个，包含 user_word_state

7) 认词题源
  ✔ 生成规范存在，模型提示词 2369 字（规范 v1.0）
  ✔ quiz-1.json：精编 227/227 词（100%），辨析均值 23.8 字，43 条建议
      ! #16 第 1 个干扰项 （mishap）与正确释义长度差太多（233%），会变成"最长的那个是答案"
      ! #16 第 2 个干扰项 （mishap）与正确释义长度差太多（233%），会变成"最长的那个是答案"
      ! #27 第 1 个干扰项 （ore）与正确释义长度差太多（233%），会变成"最长的那个是答案"
  ✔ quiz-10.json：精编 135/135 词（100%），辨析均值 23.5 字，38 条建议
      ! #14 第 2 个干扰项 （rubbish）与正确释义长度差太多（44%），会变成"最长的那个是答案"
      ! #15 第 1 个干扰项 （trash）与正确释义长度差太多（233%），会变成"最长的那个是答案"
      ! #15 第 2 个干扰项 （trash）与正确释义长度差太多（233%），会变成"最长的那个是答案"
  ✔ quiz-11.json：精编 91/91 词（100%），辨析均值 24.1 字，26 条建议
      ! #3 第 1 个干扰项 （trend）与正确释义长度差太多（250%），会变成"最长的那个是答案"
      ! #15 第 3 个干扰项 （jewel）与正确释义长度差太多（250%），会变成"最长的那个是答案"
      ! #19 第 3 个干扰项 （ornament）与正确释义长度差太多（217%），会变成"最长的那个是答案"
  ✔ quiz-12.json：精编 172/172 词（100%），辨析均值 23.7 字，114 条建议
      ! #2 第 2 个干扰项 （diet）与正确释义长度差太多（40%），会变成"最长的那个是答案"
      ! #3 第 1 个干扰项 （appetite）与正确释义长度差太多（33%），会变成"最长的那个是答案"
      ! #3 第 3 个干扰项 （appetite）与正确释义长度差太多（33%），会变成"最长的那个是答案"
  ✔ quiz-13.json：精编 132/132 词（100%），辨析均值 24.3 字，102 条建议
      ! #5 第 2 个干扰项 （settle）与正确释义长度差太多（38%），会变成"最长的那个是答案"
      ! #6 第 1 个干扰项 （dwelling）与正确释义长度差太多（250%），会变成"最长的那个是答案"
      ! #8 第 1 个干扰项 （villa）与正确释义长度差太多（44%），会变成"最长的那个是答案"
  ✔ quiz-14.json：精编 139/139 词（100%），辨析均值 24.2 字，117 条建议
      ! #2 第 2 个干扰项 （voyage）与正确释义长度差太多（33%），会变成"最长的那个是答案"
      ! #3 第 2 个干扰项 （aviation）与正确释义长度差太多（44%），会变成"最长的那个是答案"
      ! #3 第 3 个干扰项 （aviation）与正确释义长度差太多（33%），会变成"最长的那个是答案"
  ✔ quiz-15.json：精编 135/135 词（100%），辨析均值 23 字，73 条建议
      ! #3 第 1 个干扰项 （socialism）与正确释义长度差太多（250%），会变成"最长的那个是答案"
      ! #3 第 2 个干扰项 （socialism）与正确释义长度差太多（250%），会变成"最长的那个是答案"
      ! #3 第 3 个干扰项 （socialism）与正确释义长度差太多（250%），会变成"最长的那个是答案"
  ✔ quiz-16.json：精编 171/171 词（100%），辨析均值 25.1 字，99 条建议
      ! #2 第 1 个干扰项 （trade）与正确释义长度差太多（40%），会变成"最长的那个是答案"
      ! #2 第 2 个干扰项 （trade）与正确释义长度差太多（40%），会变成"最长的那个是答案"
      ! #2 第 3 个干扰项 （trade）与正确释义长度差太多（40%），会变成"最长的那个是答案"
  ✔ quiz-17.json：精编 101/101 词（100%），辨析均值 23.5 字，29 条建议
      ! #3 第 2 个干扰项 （rule）与正确释义长度差太多（40%），会变成"最长的那个是答案"
      ! #8 第 1 个干扰项 （charter）与正确释义长度差太多（40%），会变成"最长的那个是答案"
      ! #8 第 3 个干扰项 （charter）与正确释义长度差太多（40%），会变成"最长的那个是答案"
  ✔ quiz-18.json：精编 186/186 词（100%），辨析均值 23.8 字，93 条建议
      ! #9 第 2 个干扰项 （bombard）与正确释义长度差太多（38%），会变成"最长的那个是答案"
      ! #9 第 3 个干扰项 （bombard）与正确释义长度差太多（31%），会变成"最长的那个是答案"
      ! #12 第 1 个干扰项 （burst）与正确释义长度差太多（36%），会变成"最长的那个是答案"
  ✔ quiz-19.json：精编 124/124 词（100%），辨析均值 24.8 字，40 条建议
      ! #2 第 3 个干扰项 （prophet）与正确释义长度差太多（40%），会变成"最长的那个是答案"
      ! #3 第 1 个干扰项 （herald）与正确释义长度差太多（43%），会变成"最长的那个是答案"
      ! #3 第 2 个干扰项 （herald）与正确释义长度差太多（43%），会变成"最长的那个是答案"
  ✔ quiz-2.json：精编 130/130 词（100%），辨析均值 26.2 字，28 条建议
      ! #11 第 1 个干扰项 （horticulture）与正确释义长度差太多（40%），会变成"最长的那个是答案"
      ! #11 第 3 个干扰项 （horticulture）与正确释义长度差太多（40%），会变成"最长的那个是答案"
      ! #12 第 2 个干扰项 （organism）与正确释义长度差太多（40%），会变成"最长的那个是答案"
  ✔ quiz-20.json：精编 268/268 词（100%），辨析均值 23.2 字，129 条建议
      ! #10 第 1 个干扰项 （nourish）与正确释义长度差太多（44%），会变成"最长的那个是答案"
      ! #10 第 3 个干扰项 （nourish）与正确释义长度差太多（44%），会变成"最长的那个是答案"
      ! #14 第 1 个干扰项 （intake）与正确释义长度差太多（44%），会变成"最长的那个是答案"
  ✔ quiz-21.json：精编 417/417 词（100%），辨析均值 23.3 字，163 条建议
      ! #11 第 2 个干扰项 （feature）与正确释义长度差太多（46%），会变成"最长的那个是答案"
      ! #15 第 2 个干扰项 （human）与正确释义长度差太多（40%），会变成"最长的那个是答案"
      ! #15 第 3 个干扰项 （human）与正确释义长度差太多（40%），会变成"最长的那个是答案"
  ✔ quiz-22.json：精编 57/57 词（100%），辨析均值 20.7 字，15 条建议
      ! #10 第 1 个干扰项 （medieval）与正确释义长度差太多（43%），会变成"最长的那个是答案"
      ! #11 第 1 个干扰项 （century）与正确释义长度差太多（225%），会变成"最长的那个是答案"
      ! #12 第 1 个干扰项 （millennium）与正确释义长度差太多（44%），会变成"最长的那个是答案"
  ✔ quiz-3.json：精编 168/168 词（100%），辨析均值 21.2 字，40 条建议
      ! #9 第 1 个干扰项 （amphibian）与正确释义长度差太多（44%），会变成"最长的那个是答案"
      ! #9 第 2 个干扰项 （amphibian）与正确释义长度差太多（44%），会变成"最长的那个是答案"
      ! #14 第 2 个干扰项 （fauna）与正确释义长度差太多（40%），会变成"最长的那个是答案"
  ✔ quiz-4.json：精编 70/70 词（100%），辨析均值 30.3 字，10 条建议
      ! #15 第 1 个干扰项 （envelope）与正确释义长度差太多（40%），会变成"最长的那个是答案"
      ! #15 第 2 个干扰项 （envelope）与正确释义长度差太多（40%），会变成"最长的那个是答案"
      ! #23 第 1 个干扰项 （dynamics）与正确释义长度差太多（40%），会变成"最长的那个是答案"
  ✔ quiz-5.json：精编 401/401 词（100%），辨析均值 27.4 字，117 条建议
      ! #10 第 2 个干扰项 （acquire）与正确释义长度差太多（44%），会变成"最长的那个是答案"
      ! #10 第 3 个干扰项 （acquire）与正确释义长度差太多（44%），会变成"最长的那个是答案"
      ! #13 第 3 个干扰项 （novice）与正确释义长度差太多（250%），会变成"最长的那个是答案"
  ✔ quiz-6.json：精编 122/122 词（100%），辨析均值 27 字，28 条建议
      ! #4 第 3 个干扰项 （domain）与正确释义长度差太多（42%），会变成"最长的那个是答案"
      ! #13 第 2 个干扰项 （usage）与正确释义长度差太多（43%），会变成"最长的那个是答案"
      ! #22 第 1 个干扰项 （gauge）与正确释义长度差太多（44%），会变成"最长的那个是答案"
  ✔ quiz-7.json：精编 79/79 词（100%），辨析均值 27 字，15 条建议
      ! #16 第 1 个干扰项 （native）与正确释义长度差太多（43%），会变成"最长的那个是答案"
      ! #16 第 2 个干扰项 （native）与正确释义长度差太多（43%），会变成"最长的那个是答案"
      ! #16 第 3 个干扰项 （native）与正确释义长度差太多（43%），会变成"最长的那个是答案"
  ✔ quiz-8.json：精编 68/68 词（100%），辨析均值 25.2 字，17 条建议
      ! #1 第 1 个干扰项 （language）与正确释义长度差太多（250%），会变成"最长的那个是答案"
      ! #7 第 1 个干扰项 （wedge）与正确释义长度差太多（44%），会变成"最长的那个是答案"
      ! #12 第 1 个干扰项 （grammar）与正确释义长度差太多（40%），会变成"最长的那个是答案"
  ✔ quiz-9.json：精编 175/175 词（100%），辨析均值 24.5 字，40 条建议
      ! #5 第 3 个干扰项 （critic）与正确释义长度差太多（43%），会变成"最长的那个是答案"
      ! #10 第 1 个干扰项 （editor）与正确释义长度差太多（44%），会变成"最长的那个是答案"
      ! #20 第 1 个干扰项 （await）与正确释义长度差太多（40%），会变成"最长的那个是答案"
  ✔ public/quiz-index.json 与 22 份题源一致（22 章可用）
  ✔ public/quiz.js 与题源字段约定一致

✔ 检查完成：42/42 项通过
