
认词题源校验（规范 v1.0）
  ✔ 第  1 章   227/227  词  100%  辨析均值 23.8 字
      ! #16 第 1 个干扰项 （mishap）与正确释义长度差太多（233%），会变成"最长的那个是答案"
      ! #16 第 2 个干扰项 （mishap）与正确释义长度差太多（233%），会变成"最长的那个是答案"
      ! #27 第 1 个干扰项 （ore）与正确释义长度差太多（233%），会变成"最长的那个是答案"
      ! #28 第 1 个干扰项 （mineral）与正确释义长度差太多（43%），会变成"最长的那个是答案"
      ! #28 第 2 个干扰项 （mineral）与正确释义长度差太多（43%），会变成"最长的那个是答案"
      ! #29 第 2 个干扰项 （marble）与正确释义长度差太多（40%），会变成"最长的那个是答案"
      ! #30 第 2 个干扰项 （quartz）与正确释义长度差太多（250%），会变成"最长的那个是答案"
      ! #74 第 1 个干扰项 （degrade）与正确释义长度差太多（44%），会变成"最长的那个是答案"
      ! #77 第 1 个干扰项 （Mediterranean）与正确释义长度差太多（40%），会变成"最长的那个是答案"
      ! #77 第 2 个干扰项 （Mediterranean）与正确释义长度差太多（40%），会变成"最长的那个是答案"
      ! #79 第 1 个干扰项 （Pacific）与正确释义长度差太多（40%），会变成"最长的那个是答案"
      ! #79 第 2 个干扰项 （Pacific）与正确释义长度差太多（40%），会变成"最长的那个是答案"
      ! #97 第 1 个干扰项 （sandy）与正确释义长度差太多（43%），会变成"最长的那个是答案"
      ! #97 第 3 个干扰项 （sandy）与正确释义长度差太多（43%），会变成"最长的那个是答案"
      ! #102 第 2 个干扰项 （narrow）与正确释义长度差太多（43%），会变成"最长的那个是答案"
      ! #102 第 3 个干扰项 （narrow）与正确释义长度差太多（43%），会变成"最长的那个是答案"
      ! #109 第 1 个干扰项 （mild）与正确释义长度差太多（43%），会变成"最长的那个是答案"
      ! #109 第 2 个干扰项 （mild）与正确释义长度差太多（43%），会变成"最长的那个是答案"
      ! #109 第 3 个干扰项 （mild）与正确释义长度差太多（43%），会变成"最长的那个是答案"
      ! #117 第 2 个干扰项 （damp）与正确释义长度差太多（43%），会变成"最长的那个是答案"
      ! #117 第 3 个干扰项 （damp）与正确释义长度差太多（43%），会变成"最长的那个是答案"
      ! #128 第 3 个干扰项 （thunder）与正确释义长度差太多（233%），会变成"最长的那个是答案"
      ! #129 第 2 个干扰项 （lightning）与正确释义长度差太多（250%），会变成"最长的那个是答案"
      ! #130 第 1 个干扰项 （stormy）与正确释义长度差太多（40%），会变成"最长的那个是答案"
      ! #130 第 3 个干扰项 （stormy）与正确释义长度差太多（40%），会变成"最长的那个是答案"
      ! #156 第 3 个干扰项 （irreversible）与正确释义长度差太多（40%），会变成"最长的那个是答案"
      ! #157 第 1 个干扰项 （irregularly）与正确释义长度差太多（44%），会变成"最长的那个是答案"
      ! #159 第 1 个干扰项 （abnormal）与正确释义长度差太多（40%），会变成"最长的那个是答案"
      ! #176 第 1 个干扰项 （geology）与正确释义长度差太多（43%），会变成"最长的那个是答案"
      ! #176 第 2 个干扰项 （geology）与正确释义长度差太多（43%），会变成"最长的那个是答案"
      ! #176 第 3 个干扰项 （geology）与正确释义长度差太多（43%），会变成"最长的那个是答案"
      ! #179 第 3 个干扰项 （fringe）与正确释义长度差太多（40%），会变成"最长的那个是答案"
      ! #186 第 1 个干扰项 （magnificent）与正确释义长度差太多（46%），会变成"最长的那个是答案"
      ! #186 第 2 个干扰项 （magnificent）与正确释义长度差太多（46%），会变成"最长的那个是答案"
      ! #186 第 3 个干扰项 （magnificent）与正确释义长度差太多（46%），会变成"最长的那个是答案"
      ! #214 第 1 个干扰项 （flash）与正确释义长度差太多（40%），会变成"最长的那个是答案"
      ! #214 第 2 个干扰项 （flash）与正确释义长度差太多（40%），会变成"最长的那个是答案"
      ! #214 第 3 个干扰项 （flash）与正确释义长度差太多（40%），会变成"最长的那个是答案"
      ! #216 第 1 个干扰项 （environment）与正确释义长度差太多（40%），会变成"最长的那个是答案"
      ! #216 第 3 个干扰项 （environment）与正确释义长度差太多（40%），会变成"最长的那个是答案"
      ! #222 第 3 个干扰项 （artificial）与正确释义长度差太多（233%），会变成"最长的那个是答案"
      ! #224 第 1 个干扰项 （petrol）与正确释义长度差太多（250%），会变成"最长的那个是答案"
      ! #227 第 1 个干扰项 （petroleum）与正确释义长度差太多（250%），会变成"最长的那个是答案"
      干扰项类型：同词根 41 / 形近/音近 72 / 词性不同 37 / 近义 374 / 同主题 124 / 反义 33
  ✔ 第  2 章   130/130  词  100%  辨析均值 26.2 字
      ! #11 第 1 个干扰项 （horticulture）与正确释义长度差太多（40%），会变成"最长的那个是答案"
      ! #11 第 3 个干扰项 （horticulture）与正确释义长度差太多（40%），会变成"最长的那个是答案"
      ! #12 第 2 个干扰项 （organism）与正确释义长度差太多（40%），会变成"最长的那个是答案"
      ! #12 第 3 个干扰项 （organism）与正确释义长度差太多（40%），会变成"最长的那个是答案"
      ! #20 第 1 个干扰项 （evolve）与正确释义长度差太多（40%），会变成"最长的那个是答案"
      ! #20 第 3 个干扰项 （evolve）与正确释义长度差太多（40%），会变成"最长的那个是答案"
      ! #37 第 1 个干扰项 （bunch）与正确释义长度差太多（43%），会变成"最长的那个是答案"
      ! #37 第 2 个干扰项 （bunch）与正确释义长度差太多（43%），会变成"最长的那个是答案"
      ! #39 第 2 个干扰项 （sunlight）与正确释义长度差太多（250%），会变成"最长的那个是答案"
      ! #46 第 2 个干扰项 （seed）与正确释义长度差太多（40%），会变成"最长的那个是答案"
      ! #46 第 3 个干扰项 （seed）与正确释义长度差太多（40%），会变成"最长的那个是答案"
      ! #60 第 1 个干扰项 （stale）与正确释义长度差太多（43%），会变成"最长的那个是答案"
      ! #60 第 2 个干扰项 （stale）与正确释义长度差太多（43%），会变成"最长的那个是答案"
      ! #60 第 3 个干扰项 （stale）与正确释义长度差太多（43%），会变成"最长的那个是答案"
      ! #63 第 1 个干扰项 （plantation）与正确释义长度差太多（40%），会变成"最长的那个是答案"
      ! #65 第 2 个干扰项 （terrace）与正确释义长度差太多（250%），会变成"最长的那个是答案"
      ! #72 第 2 个干扰项 （trunk）与正确释义长度差太多（43%），会变成"最长的那个是答案"
      ! #73 第 2 个干扰项 （bough）与正确释义长度差太多（233%），会变成"最长的那个是答案"
      ! #78 第 2 个干扰项 （thorn）与正确释义长度差太多（40%），会变成"最长的那个是答案"
      ! #88 第 3 个干扰项 （mint）与正确释义长度差太多（40%），会变成"最长的那个是答案"
      ! #93 第 2 个干扰项 （release）与正确释义长度差太多（225%），会变成"最长的那个是答案"
      ! #95 第 1 个干扰项 （absorb）与正确释义长度差太多（44%），会变成"最长的那个是答案"
      ! #95 第 3 个干扰项 （absorb）与正确释义长度差太多（44%），会变成"最长的那个是答案"
      ! #98 第 1 个干扰项 （uptake）与正确释义长度差太多（225%），会变成"最长的那个是答案"
      ! #120 第 2 个干扰项 （experimental）与正确释义长度差太多（43%），会变成"最长的那个是答案"
      ! #126 第 2 个干扰项 （massive）与正确释义长度差太多（43%），会变成"最长的那个是答案"
      ! #128 第 1 个干扰项 （maximal）与正确释义长度差太多（233%），会变成"最长的那个是答案"
      ! #130 第 1 个干扰项 （optimal）与正确释义长度差太多（43%），会变成"最长的那个是答案"
      干扰项类型：同词根 29 / 形近/音近 51 / 词性不同 10 / 近义 128 / 同主题 145 / 反义 27
  ✔ 第  3 章   168/168  词  100%  辨析均值 21.2 字
      ! #9 第 1 个干扰项 （amphibian）与正确释义长度差太多（44%），会变成"最长的那个是答案"
      ! #9 第 2 个干扰项 （amphibian）与正确释义长度差太多（44%），会变成"最长的那个是答案"
      ! #14 第 2 个干扰项 （fauna）与正确释义长度差太多（40%），会变成"最长的那个是答案"
      ! #15 第 3 个干扰项 （flora）与正确释义长度差太多（40%），会变成"最长的那个是答案"
      ! #20 第 1 个干扰项 （throng）与正确释义长度差太多（44%），会变成"最长的那个是答案"
      ! #20 第 2 个干扰项 （throng）与正确释义长度差太多（44%），会变成"最长的那个是答案"
      ! #22 第 2 个干扰项 （beast）与正确释义长度差太多（44%），会变成"最长的那个是答案"
      ! #22 第 3 个干扰项 （beast）与正确释义长度差太多（44%），会变成"最长的那个是答案"
      ! #24 第 1 个干扰项 （cruel）与正确释义长度差太多（44%），会变成"最长的那个是答案"
      ! #26 第 3 个干扰项 （derive）与正确释义长度差太多（40%），会变成"最长的那个是答案"
      ! #27 第 3 个干扰项 （stem）与正确释义长度差太多（40%），会变成"最长的那个是答案"
      ! #33 第 1 个干扰项 （breed）与正确释义长度差太多（43%），会变成"最长的那个是答案"
      ! #34 第 1 个干扰项 （interbreed）与正确释义长度差太多（40%），会变成"最长的那个是答案"
      ! #34 第 3 个干扰项 （interbreed）与正确释义长度差太多（40%），会变成"最长的那个是答案"
      ! #38 第 1 个干扰项 （mate）与正确释义长度差太多（40%），会变成"最长的那个是答案"
      ! #38 第 2 个干扰项 （mate）与正确释义长度差太多（40%），会变成"最长的那个是答案"
      ! #38 第 3 个干扰项 （mate）与正确释义长度差太多（40%），会变成"最长的那个是答案"
      ! #44 第 2 个干扰项 （brood）与正确释义长度差太多（43%），会变成"最长的那个是答案"
      ! #85 第 2 个干扰项 （ox）与正确释义长度差太多（40%），会变成"最长的那个是答案"
      ! #85 第 3 个干扰项 （ox）与正确释义长度差太多（40%），会变成"最长的那个是答案"
      ! #91 第 1 个干扰项 （saddle）与正确释义长度差太多（40%），会变成"最长的那个是答案"
      ! #91 第 2 个干扰项 （saddle）与正确释义长度差太多（40%），会变成"最长的那个是答案"
      ! #91 第 3 个干扰项 （saddle）与正确释义长度差太多（40%），会变成"最长的那个是答案"
      ! #115 第 3 个干扰项 （creep）与正确释义长度差太多（44%），会变成"最长的那个是答案"
      ! #122 第 2 个干扰项 （stable）与正确释义长度差太多（40%），会变成"最长的那个是答案"
      ! #123 第 3 个干扰项 （barn）与正确释义长度差太多（40%），会变成"最长的那个是答案"
      ! #128 第 3 个干扰项 （epidemic）与正确释义长度差太多（47%），会变成"最长的那个是答案"
      ! #130 第 2 个干扰项 （germ）与正确释义长度差太多（40%），会变成"最长的那个是答案"
      ! #130 第 3 个干扰项 （germ）与正确释义长度差太多（40%），会变成"最长的那个是答案"
      ! #138 第 3 个干扰项 （functional）与正确释义长度差太多（43%），会变成"最长的那个是答案"
      ! #139 第 1 个干扰项 （secrete）与正确释义长度差太多（250%），会变成"最长的那个是答案"
      ! #145 第 1 个干扰项 （sensitive）与正确释义长度差太多（40%），会变成"最长的那个是答案"
      ! #146 第 2 个干扰项 （flexible）与正确释义长度差太多（43%），会变成"最长的那个是答案"
      ! #146 第 3 个干扰项 （flexible）与正确释义长度差太多（43%），会变成"最长的那个是答案"
      ! #151 第 1 个干扰项 （hibernation）与正确释义长度差太多（250%），会变成"最长的那个是答案"
      ! #152 第 1 个干扰项 （track）与正确释义长度差太多（44%），会变成"最长的那个是答案"
      ! #152 第 2 个干扰项 （track）与正确释义长度差太多（44%），会变成"最长的那个是答案"
      ! #152 第 3 个干扰项 （track）与正确释义长度差太多（44%），会变成"最长的那个是答案"
      ! #153 第 1 个干扰项 （trace）与正确释义长度差太多（45%），会变成"最长的那个是答案"
      ! 同一句辨析被复用了 3 次（模板句学不到东西）：「同为猛禽，但猫头鹰夜间活动」
      干扰项类型：同词根 88 / 形近/音近 85 / 近义 205 / 同主题 101 / 反义 25
  ✔ 第  4 章    70/70   词  100%  辨析均值 30.3 字
      ! #15 第 1 个干扰项 （envelope）与正确释义长度差太多（40%），会变成"最长的那个是答案"
      ! #15 第 2 个干扰项 （envelope）与正确释义长度差太多（40%），会变成"最长的那个是答案"
      ! #23 第 1 个干扰项 （dynamics）与正确释义长度差太多（40%），会变成"最长的那个是答案"
      ! #23 第 2 个干扰项 （dynamics）与正确释义长度差太多（40%），会变成"最长的那个是答案"
      ! #64 第 1 个干扰项 （squash）与正确释义长度差太多（40%），会变成"最长的那个是答案"
      ! #64 第 2 个干扰项 （squash）与正确释义长度差太多（40%），会变成"最长的那个是答案"
      ! #64 第 3 个干扰项 （squash）与正确释义长度差太多（40%），会变成"最长的那个是答案"
      ! #67 第 1 个干扰项 （desperate）与正确释义长度差太多（43%），会变成"最长的那个是答案"
      ! #67 第 2 个干扰项 （desperate）与正确释义长度差太多（43%），会变成"最长的那个是答案"
      ! #69 第 3 个干扰项 （cataclysmic）与正确释义长度差太多（43%），会变成"最长的那个是答案"
      干扰项类型：同词根 9 / 形近/音近 29 / 近义 98 / 同主题 58 / 反义 16
  ✔ 第  5 章   401/401  词  100%  辨析均值 27.4 字
      ! #10 第 2 个干扰项 （acquire）与正确释义长度差太多（44%），会变成"最长的那个是答案"
      ! #10 第 3 个干扰项 （acquire）与正确释义长度差太多（44%），会变成"最长的那个是答案"
      ! #13 第 3 个干扰项 （novice）与正确释义长度差太多（250%），会变成"最长的那个是答案"
      ! #14 第 3 个干扰项 （issue）与正确释义长度差太多（45%），会变成"最长的那个是答案"
      ! #20 第 1 个干扰项 （numerate）与正确释义长度差太多（44%），会变成"最长的那个是答案"
      ! #22 第 2 个干扰项 （puzzle）与正确释义长度差太多（43%），会变成"最长的那个是答案"
      ! #34 第 1 个干扰项 （spur）与正确释义长度差太多（44%），会变成"最长的那个是答案"
      ! #34 第 2 个干扰项 （spur）与正确释义长度差太多（44%），会变成"最长的那个是答案"
      ! #34 第 3 个干扰项 （spur）与正确释义长度差太多（44%），会变成"最长的那个是答案"
      ! #40 第 1 个干扰项 （elite）与正确释义长度差太多（40%），会变成"最长的那个是答案"
      ! #40 第 2 个干扰项 （elite）与正确释义长度差太多（40%），会变成"最长的那个是答案"
      ! #43 第 1 个干扰项 （wit）与正确释义长度差太多（40%），会变成"最长的那个是答案"
      ! #43 第 2 个干扰项 （wit）与正确释义长度差太多（40%），会变成"最长的那个是答案"
      ! #43 第 3 个干扰项 （wit）与正确释义长度差太多（40%），会变成"最长的那个是答案"
      ! #63 第 2 个干扰项 （scheme）与正确释义长度差太多（44%），会变成"最长的那个是答案"
      ! #63 第 3 个干扰项 （scheme）与正确释义长度差太多（44%），会变成"最长的那个是答案"
      ! #78 第 2 个干扰项 （certify）与正确释义长度差太多（40%），会变成"最长的那个是答案"
      ! #79 第 3 个干扰项 （license）与正确释义长度差太多（40%），会变成"最长的那个是答案"
      ! #82 第 1 个干扰项 （diplomat）与正确释义长度差太多（44%），会变成"最长的那个是答案"
      ! #85 第 1 个干扰项 （graduate）与正确释义长度差太多（40%），会变成"最长的那个是答案"
      ! #87 第 1 个干扰项 （bachelor）与正确释义长度差太多（40%），会变成"最长的那个是答案"
      ! #87 第 3 个干扰项 （bachelor）与正确释义长度差太多（40%），会变成"最长的那个是答案"
      ! #100 第 1 个干扰项 （roster）与正确释义长度差太多（44%），会变成"最长的那个是答案"
      ! #100 第 3 个干扰项 （roster）与正确释义长度差太多（44%），会变成"最长的那个是答案"
      ! #101 第 1 个干扰项 （enrol）与正确释义长度差太多（44%），会变成"最长的那个是答案"
      ! #106 第 2 个干扰项 （canteen）与正确释义长度差太多（40%），会变成"最长的那个是答案"
      ! #106 第 3 个干扰项 （canteen）与正确释义长度差太多（40%），会变成"最长的那个是答案"
      ! #120 第 1 个干扰项 （poetry）与正确释义长度差太多（40%），会变成"最长的那个是答案"
      ! #122 第 3 个干扰项 （journal）与正确释义长度差太多（40%），会变成"最长的那个是答案"
      ! #128 第 3 个干扰项 （series）与正确释义长度差太多（44%），会变成"最长的那个是答案"
      ! #131 第 1 个干扰项 （profile）与正确释义长度差太多（40%），会变成"最长的那个是答案"
      ! #131 第 2 个干扰项 （profile）与正确释义长度差太多（40%），会变成"最长的那个是答案"
      ! #131 第 3 个干扰项 （profile）与正确释义长度差太多（40%），会变成"最长的那个是答案"
      ! #134 第 1 个干扰项 （brochure）与正确释义长度差太多（233%），会变成"最长的那个是答案"
      ! #137 第 2 个干扰项 （index）与正确释义长度差太多（45%），会变成"最长的那个是答案"
      ! #137 第 3 个干扰项 （index）与正确释义长度差太多（45%），会变成"最长的那个是答案"
      ! #144 第 1 个干扰项 （chapter）与正确释义长度差太多（43%），会变成"最长的那个是答案"
      ! #152 第 1 个干扰项 （politics）与正确释义长度差太多（44%），会变成"最长的那个是答案"
      ! #158 第 2 个干扰项 （psychology）与正确释义长度差太多（43%），会变成"最长的那个是答案"
      ! #159 第 2 个干扰项 （philosophy）与正确释义长度差太多（250%），会变成"最长的那个是答案"
      ! #159 第 3 个干扰项 （philosophy）与正确释义长度差太多（250%），会变成"最长的那个是答案"
      ! #161 第 2 个干扰项 （biology）与正确释义长度差太多（43%），会变成"最长的那个是答案"
      ! #161 第 3 个干扰项 （biology）与正确释义长度差太多（43%），会变成"最长的那个是答案"
      ! #163 第 1 个干扰项 （chemistry）与正确释义长度差太多（250%），会变成"最长的那个是答案"
      ! #166 第 1 个干扰项 （geography）与正确释义长度差太多（43%），会变成"最长的那个是答案"
      ! #166 第 2 个干扰项 （geography）与正确释义长度差太多（43%），会变成"最长的那个是答案"
      ! #166 第 3 个干扰项 （geography）与正确释义长度差太多（43%），会变成"最长的那个是答案"
      ! #174 第 1 个干扰项 （algebra）与正确释义长度差太多（40%），会变成"最长的那个是答案"
      ! #174 第 3 个干扰项 （algebra）与正确释义长度差太多（40%），会变成"最长的那个是答案"
      ! #175 第 2 个干扰项 （calculus）与正确释义长度差太多（40%），会变成"最长的那个是答案"
      ! #176 第 3 个干扰项 （plus）与正确释义长度差太多（46%），会变成"最长的那个是答案"
      ! #190 第 3 个干扰项 （variable）与正确释义长度差太多（42%），会变成"最长的那个是答案"
      ! #191 第 2 个干扰项 （even）与正确释义长度差太多（43%），会变成"最长的那个是答案"
      ! #194 第 3 个干扰项 （double）与正确释义长度差太多（43%），会变成"最长的那个是答案"
      ! #198 第 2 个干扰项 （maximum）与正确释义长度差太多（43%），会变成"最长的那个是答案"
      ! #199 第 2 个干扰项 （minimum）与正确释义长度差太多（43%），会变成"最长的那个是答案"
      ! #209 第 1 个干扰项 （triangle）与正确释义长度差太多（43%），会变成"最长的那个是答案"
      ! #209 第 2 个干扰项 （triangle）与正确释义长度差太多（43%），会变成"最长的那个是答案"
      ! #209 第 3 个干扰项 （triangle）与正确释义长度差太多（43%），会变成"最长的那个是答案"
      ! #215 第 3 个干扰项 （sphere）与正确释义长度差太多（44%），会变成"最长的那个是答案"
      ! #219 第 3 个干扰项 （length）与正确释义长度差太多（250%），会变成"最长的那个是答案"
      ! #220 第 1 个干扰项 （decimal）与正确释义长度差太多（40%），会变成"最长的那个是答案"
      ! #220 第 3 个干扰项 （decimal）与正确释义长度差太多（40%），会变成"最长的那个是答案"
      ! #223 第 2 个干扰项 （rate）与正确释义长度差太多（40%），会变成"最长的那个是答案"
      ! #223 第 3 个干扰项 （rate）与正确释义长度差太多（40%），会变成"最长的那个是答案"
      ! #224 第 1 个干扰项 （ratio）与正确释义长度差太多（250%），会变成"最长的那个是答案"
      ! #233 第 2 个干扰项 （radiate）与正确释义长度差太多（42%），会变成"最长的那个是答案"
      ! #234 第 1 个干扰项 （emit）与正确释义长度差太多（40%），会变成"最长的那个是答案"
      ! #234 第 2 个干扰项 （emit）与正确释义长度差太多（40%），会变成"最长的那个是答案"
      ! #234 第 3 个干扰项 （emit）与正确释义长度差太多（40%），会变成"最长的那个是答案"
      ! #239 第 1 个干扰项 （friction）与正确释义长度差太多（44%），会变成"最长的那个是答案"
      ! #239 第 3 个干扰项 （friction）与正确释义长度差太多（44%），会变成"最长的那个是答案"
      ! #241 第 1 个干扰项 （displace）与正确释义长度差太多（44%），会变成"最长的那个是答案"
      ! #241 第 2 个干扰项 （displace）与正确释义长度差太多（44%），会变成"最长的那个是答案"
      ! #241 第 3 个干扰项 （displace）与正确释义长度差太多（44%），会变成"最长的那个是答案"
      ! #249 第 1 个干扰项 （acid）与正确释义长度差太多（42%），会变成"最长的那个是答案"
      ! #253 第 3 个干扰项 （formula）与正确释义长度差太多（42%），会变成"最长的那个是答案"
      ! #255 第 1 个干扰项 （compose）与正确释义长度差太多（44%），会变成"最长的那个是答案"
      ! #255 第 3 个干扰项 （compose）与正确释义长度差太多（44%），会变成"最长的那个是答案"
      ! #257 第 1 个干扰项 （blend）与正确释义长度差太多（44%），会变成"最长的那个是答案"
      ! #257 第 2 个干扰项 （blend）与正确释义长度差太多（44%），会变成"最长的那个是答案"
      ! #257 第 3 个干扰项 （blend）与正确释义长度差太多（44%），会变成"最长的那个是答案"
      ! #260 第 1 个干扰项 （practical）与正确释义长度差太多（43%），会变成"最长的那个是答案"
      ! #269 第 2 个干扰项 （course）与正确释义长度差太多（250%），会变成"最长的那个是答案"
      ! #271 第 1 个干扰项 （curriculum）与正确释义长度差太多（40%），会变成"最长的那个是答案"
      ! #271 第 3 个干扰项 （curriculum）与正确释义长度差太多（40%），会变成"最长的那个是答案"
      ! #273 第 2 个干扰项 （forum）与正确释义长度差太多（42%），会变成"最长的那个是答案"
      ! #278 第 2 个干扰项 （fundamental）与正确释义长度差太多（44%），会变成"最长的那个是答案"
      ! #280 第 1 个干扰项 （profound）与正确释义长度差太多（46%），会变成"最长的那个是答案"
      ! #280 第 2 个干扰项 （profound）与正确释义长度差太多（46%），会变成"最长的那个是答案"
      ! #280 第 3 个干扰项 （profound）与正确释义长度差太多（46%），会变成"最长的那个是答案"
      ! #281 第 1 个干扰项 （superficial）与正确释义长度差太多（44%），会变成"最长的那个是答案"
      ! #283 第 1 个干扰项 （compulsory）与正确释义长度差太多（233%），会变成"最长的那个是答案"
      ! #284 第 2 个干扰项 （prerequisite）与正确释义长度差太多（40%），会变成"最长的那个是答案"
      ! #284 第 3 个干扰项 （prerequisite）与正确释义长度差太多（40%），会变成"最长的那个是答案"
      ! #287 第 1 个干扰项 （assignment）与正确释义长度差太多（40%），会变成"最长的那个是答案"
      ! #287 第 2 个干扰项 （assignment）与正确释义长度差太多（40%），会变成"最长的那个是答案"
      ! #287 第 3 个干扰项 （assignment）与正确释义长度差太多（40%），会变成"最长的那个是答案"
      ! #305 第 3 个干扰项 （print）与正确释义长度差太多（46%），会变成"最长的那个是答案"
      ! #309 第 1 个干扰项 （dissertation）与正确释义长度差太多（40%），会变成"最长的那个是答案"
      ! #309 第 2 个干扰项 （dissertation）与正确释义长度差太多（40%），会变成"最长的那个是答案"
      ! #318 第 1 个干扰项 （reference）与正确释义长度差太多（44%），会变成"最长的那个是答案"
      ! #318 第 2 个干扰项 （reference）与正确释义长度差太多（44%），会变成"最长的那个是答案"
      ! #350 第 2 个干扰项 （conclude）与正确释义长度差太多（40%），会变成"最长的那个是答案"
      ! #350 第 3 个干扰项 （conclude）与正确释义长度差太多（40%），会变成"最长的那个是答案"
      ! #368 第 1 个干扰项 （illustrate）与正确释义长度差太多（46%），会变成"最长的那个是答案"
      ! #373 第 2 个干扰项 （resolve）与正确释义长度差太多（40%），会变成"最长的那个是答案"
      ! #373 第 3 个干扰项 （resolve）与正确释义长度差太多（40%），会变成"最长的那个是答案"
      ! #377 第 1 个干扰项 （query）与正确释义长度差太多（44%），会变成"最长的那个是答案"
      ! #377 第 2 个干扰项 （query）与正确释义长度差太多（44%），会变成"最长的那个是答案"
      ! #377 第 3 个干扰项 （query）与正确释义长度差太多（44%），会变成"最长的那个是答案"
      ! #384 第 2 个干扰项 （rank）与正确释义长度差太多（40%），会变成"最长的那个是答案"
      ! #384 第 3 个干扰项 （rank）与正确释义长度差太多（40%），会变成"最长的那个是答案"
      ! #387 第 2 个干扰项 （score）与正确释义长度差太多（225%），会变成"最长的那个是答案"
      ! #397 第 3 个干扰项 （scholarship）与正确释义长度差太多（43%），会变成"最长的那个是答案"
      ! #398 第 1 个干扰项 （reward）与正确释义长度差太多（43%），会变成"最长的那个是答案"
      ! #400 第 3 个干扰项 （prize）与正确释义长度差太多（40%），会变成"最长的那个是答案"
      干扰项类型：同词根 218 / 形近/音近 328 / 词性不同 18 / 近义 511 / 同主题 89 / 反义 39
  ✔ 第  6 章   122/122  词  100%  辨析均值 27 字
      ! #4 第 3 个干扰项 （domain）与正确释义长度差太多（42%），会变成"最长的那个是答案"
      ! #13 第 2 个干扰项 （usage）与正确释义长度差太多（43%），会变成"最长的那个是答案"
      ! #22 第 1 个干扰项 （gauge）与正确释义长度差太多（44%），会变成"最长的那个是答案"
      ! #22 第 3 个干扰项 （gauge）与正确释义长度差太多（44%），会变成"最长的那个是答案"
      ! #32 第 1 个干扰项 （auxiliary）与正确释义长度差太多（44%），会变成"最长的那个是答案"
      ! #42 第 3 个干扰项 （lens）与正确释义长度差太多（44%），会变成"最长的那个是答案"
      ! #43 第 1 个干扰项 （radar）与正确释义长度差太多（44%），会变成"最长的那个是答案"
      ! #43 第 3 个干扰项 （radar）与正确释义长度差太多（44%），会变成"最长的那个是答案"
      ! #69 第 1 个干扰项 （gear）与正确释义长度差太多（40%），会变成"最长的那个是答案"
      ! #69 第 2 个干扰项 （gear）与正确释义长度差太多（40%），会变成"最长的那个是答案"
      ! #69 第 3 个干扰项 （gear）与正确释义长度差太多（40%），会变成"最长的那个是答案"
      ! #76 第 2 个干扰项 （condense）与正确释义长度差太多（44%），会变成"最长的那个是答案"
      ! #80 第 3 个干扰项 （filter）与正确释义长度差太多（45%），会变成"最长的那个是答案"
      ! #81 第 3 个干扰项 （distil）与正确释义长度差太多（43%），会变成"最长的那个是答案"
      ! #88 第 3 个干扰项 （operate）与正确释义长度差太多（43%），会变成"最长的那个是答案"
      ! #93 第 3 个干扰项 （shift）与正确释义长度差太多（45%），会变成"最长的那个是答案"
      ! #94 第 3 个干扰项 （turn）与正确释义长度差太多（40%），会变成"最长的那个是答案"
      ! #96 第 1 个干扰项 （adjust）与正确释义长度差太多（42%），会变成"最长的那个是答案"
      ! #97 第 1 个干扰项 （pinpoint）与正确释义长度差太多（40%），会变成"最长的那个是答案"
      ! #105 第 1 个干扰项 （fault）与正确释义长度差太多（44%），会变成"最长的那个是答案"
      ! #105 第 2 个干扰项 （fault）与正确释义长度差太多（44%），会变成"最长的那个是答案"
      ! #105 第 3 个干扰项 （fault）与正确释义长度差太多（44%），会变成"最长的那个是答案"
      ! #107 第 1 个干扰项 （contingency）与正确释义长度差太多（40%），会变成"最长的那个是答案"
      ! #107 第 2 个干扰项 （contingency）与正确释义长度差太多（40%），会变成"最长的那个是答案"
      ! #108 第 1 个干扰项 （circumstance）与正确释义长度差太多（44%），会变成"最长的那个是答案"
      ! #108 第 2 个干扰项 （circumstance）与正确释义长度差太多（44%），会变成"最长的那个是答案"
      ! #108 第 3 个干扰项 （circumstance）与正确释义长度差太多（44%），会变成"最长的那个是答案"
      ! #111 第 1 个干扰项 （polytechnic）与正确释义长度差太多（42%），会变成"最长的那个是答案"
      干扰项类型：同词根 94 / 形近/音近 82 / 近义 166 / 同主题 13 / 反义 11
  ✔ 第  7 章    79/79   词  100%  辨析均值 27 字
      ! #16 第 1 个干扰项 （native）与正确释义长度差太多（43%），会变成"最长的那个是答案"
      ! #16 第 2 个干扰项 （native）与正确释义长度差太多（43%），会变成"最长的那个是答案"
      ! #16 第 3 个干扰项 （native）与正确释义长度差太多（43%），会变成"最长的那个是答案"
      ! #17 第 1 个干扰项 （local）与正确释义长度差太多（43%），会变成"最长的那个是答案"
      ! #17 第 3 个干扰项 （local）与正确释义长度差太多（43%），会变成"最长的那个是答案"
      ! #23 第 1 个干扰项 （heritage）与正确释义长度差太多（40%），会变成"最长的那个是答案"
      ! #23 第 2 个干扰项 （heritage）与正确释义长度差太多（40%），会变成"最长的那个是答案"
      ! #23 第 3 个干扰项 （heritage）与正确释义长度差太多（40%），会变成"最长的那个是答案"
      ! #39 第 1 个干扰项 （hallowed）与正确释义长度差太多（43%），会变成"最长的那个是答案"
      ! #39 第 2 个干扰项 （hallowed）与正确释义长度差太多（43%），会变成"最长的那个是答案"
      ! #40 第 1 个干扰项 （holy）与正确释义长度差太多（44%），会变成"最长的那个是答案"
      ! #74 第 2 个干扰项 （background）与正确释义长度差太多（45%），会变成"最长的那个是答案"
      ! #76 第 1 个干扰项 （thrive）与正确释义长度差太多（40%），会变成"最长的那个是答案"
      ! #76 第 2 个干扰项 （thrive）与正确释义长度差太多（40%），会变成"最长的那个是答案"
      ! #76 第 3 个干扰项 （thrive）与正确释义长度差太多（40%），会变成"最长的那个是答案"
      干扰项类型：同词根 14 / 形近/音近 89 / 词性不同 18 / 近义 84 / 同主题 22 / 反义 10
  ✔ 第  8 章    68/68   词  100%  辨析均值 25.2 字
      ! #1 第 1 个干扰项 （language）与正确释义长度差太多（250%），会变成"最长的那个是答案"
      ! #7 第 1 个干扰项 （wedge）与正确释义长度差太多（44%），会变成"最长的那个是答案"
      ! #12 第 1 个干扰项 （grammar）与正确释义长度差太多（40%），会变成"最长的那个是答案"
      ! #17 第 1 个干扰项 （dialect）与正确释义长度差太多（40%），会变成"最长的那个是答案"
      ! #17 第 2 个干扰项 （dialect）与正确释义长度差太多（40%），会变成"最长的那个是答案"
      ! #17 第 3 个干扰项 （dialect）与正确释义长度差太多（40%），会变成"最长的那个是答案"
      ! #27 第 1 个干扰项 （logogram）与正确释义长度差太多（40%），会变成"最长的那个是答案"
      ! #27 第 3 个干扰项 （logogram）与正确释义长度差太多（40%），会变成"最长的那个是答案"
      ! #48 第 2 个干扰项 （preposition）与正确释义长度差太多（250%），会变成"最长的那个是答案"
      ! #55 第 1 个干扰项 （translate）与正确释义长度差太多（40%），会变成"最长的那个是答案"
      ! #55 第 2 个干扰项 （translate）与正确释义长度差太多（40%），会变成"最长的那个是答案"
      ! #55 第 3 个干扰项 （translate）与正确释义长度差太多（40%），会变成"最长的那个是答案"
      ! #57 第 1 个干扰项 （interpret）与正确释义长度差太多（40%），会变成"最长的那个是答案"
      ! #57 第 2 个干扰项 （interpret）与正确释义长度差太多（40%），会变成"最长的那个是答案"
      ! #66 第 1 个干扰项 （commentary）与正确释义长度差太多（40%），会变成"最长的那个是答案"
      ! #66 第 2 个干扰项 （commentary）与正确释义长度差太多（40%），会变成"最长的那个是答案"
      ! #66 第 3 个干扰项 （commentary）与正确释义长度差太多（40%），会变成"最长的那个是答案"
      干扰项类型：同词根 52 / 形近/音近 51 / 词性不同 9 / 近义 61 / 同主题 21 / 反义 10
  ✔ 第  9 章   175/175  词  100%  辨析均值 24.5 字
      ! #5 第 3 个干扰项 （critic）与正确释义长度差太多（43%），会变成"最长的那个是答案"
      ! #10 第 1 个干扰项 （editor）与正确释义长度差太多（44%），会变成"最长的那个是答案"
      ! #20 第 1 个干扰项 （await）与正确释义长度差太多（40%），会变成"最长的那个是答案"
      ! #20 第 2 个干扰项 （await）与正确释义长度差太多（40%），会变成"最长的那个是答案"
      ! #20 第 3 个干扰项 （await）与正确释义长度差太多（40%），会变成"最长的那个是答案"
      ! #21 第 3 个干扰项 （pastime）与正确释义长度差太多（225%），会变成"最长的那个是答案"
      ! #23 第 3 个干扰项 （recreation）与正确释义长度差太多（225%），会变成"最长的那个是答案"
      ! #28 第 2 个干扰项 （festival）与正确释义长度差太多（44%），会变成"最长的那个是答案"
      ! #28 第 3 个干扰项 （festival）与正确释义长度差太多（44%），会变成"最长的那个是答案"
      ! #44 第 2 个干扰项 （X-rated）与正确释义长度差太多（44%），会变成"最长的那个是答案"
      ! #45 第 3 个干扰项 （artist）与正确释义长度差太多（233%），会变成"最长的那个是答案"
      ! #53 第 1 个干扰项 （scene）与正确释义长度差太多（44%），会变成"最长的那个是答案"
      ! #53 第 2 个干扰项 （scene）与正确释义长度差太多（44%），会变成"最长的那个是答案"
      ! #58 第 1 个干扰项 （aesthetic）与正确释义长度差太多（43%），会变成"最长的那个是答案"
      ! #60 第 1 个干扰项 （select）与正确释义长度差太多（40%），会变成"最长的那个是答案"
      ! #60 第 2 个干扰项 （select）与正确释义长度差太多（40%），会变成"最长的那个是答案"
      ! #60 第 3 个干扰项 （select）与正确释义长度差太多（40%），会变成"最长的那个是答案"
      ! #61 第 1 个干扰项 （opt）与正确释义长度差太多（250%），会变成"最长的那个是答案"
      ! #74 第 2 个干扰项 （rock）与正确释义长度差太多（40%），会变成"最长的那个是答案"
      ! #79 第 1 个干扰项 （solo）与正确释义长度差太多（44%），会变成"最长的那个是答案"
      ! #86 第 2 个干扰项 （violin）与正确释义长度差太多（233%），会变成"最长的那个是答案"
      ! #99 第 2 个干扰项 （champion）与正确释义长度差太多（40%），会变成"最长的那个是答案"
      ! #114 第 1 个干扰项 （movement）与正确释义长度差太多（45%），会变成"最长的那个是答案"
      ! #117 第 3 个干扰项 （stretch）与正确释义长度差太多（43%），会变成"最长的那个是答案"
      ! #126 第 1 个干扰项 （hockey）与正确释义长度差太多（40%），会变成"最长的那个是答案"
      ! #126 第 3 个干扰项 （hockey）与正确释义长度差太多（40%），会变成"最长的那个是答案"
      ! #127 第 1 个干扰项 （cricket）与正确释义长度差太多（250%），会变成"最长的那个是答案"
      ! #133 第 2 个干扰项 （flip）与正确释义长度差太多（40%），会变成"最长的那个是答案"
      ! #133 第 3 个干扰项 （flip）与正确释义长度差太多（40%），会变成"最长的那个是答案"
      ! #137 第 1 个干扰项 （slide）与正确释义长度差太多（45%），会变成"最长的那个是答案"
      ! #146 第 1 个干扰项 （jump）与正确释义长度差太多（40%），会变成"最长的那个是答案"
      ! #148 第 3 个干扰项 （plunge）与正确释义长度差太多（43%），会变成"最长的那个是答案"
      ! #149 第 1 个干扰项 （spring）与正确释义长度差太多（250%），会变成"最长的那个是答案"
      ! #150 第 1 个干扰项 （hop）与正确释义长度差太多（42%），会变成"最长的那个是答案"
      ! #154 第 1 个干扰项 （picnic）与正确释义长度差太多（44%），会变成"最长的那个是答案"
      ! #155 第 1 个干扰项 （hunt）与正确释义长度差太多（250%），会变成"最长的那个是答案"
      ! #156 第 1 个干扰项 （race）与正确释义长度差太多（40%），会变成"最长的那个是答案"
      ! #171 第 3 个干扰项 （climb）与正确释义长度差太多（233%），会变成"最长的那个是答案"
      ! #173 第 3 个干扰项 （drag）与正确释义长度差太多（233%），会变成"最长的那个是答案"
      ! #174 第 3 个干扰项 （bend）与正确释义长度差太多（43%），会变成"最长的那个是答案"
      干扰项类型：同词根 54 / 形近/音近 132 / 近义 164 / 同主题 158 / 反义 17
  ✔ 第 10 章   135/135  词  100%  辨析均值 23.5 字
      ! #14 第 2 个干扰项 （rubbish）与正确释义长度差太多（44%），会变成"最长的那个是答案"
      ! #15 第 1 个干扰项 （trash）与正确释义长度差太多（233%），会变成"最长的那个是答案"
      ! #15 第 2 个干扰项 （trash）与正确释义长度差太多（233%），会变成"最长的那个是答案"
      ! #16 第 2 个干扰项 （recycle）与正确释义长度差太多（42%），会变成"最长的那个是答案"
      ! #18 第 2 个干扰项 （litter）与正确释义长度差太多（40%），会变成"最长的那个是答案"
      ! #34 第 1 个干扰项 （sweep）与正确释义长度差太多（44%），会变成"最长的那个是答案"
      ! #43 第 1 个干扰项 （sheet）与正确释义长度差太多（44%），会变成"最长的那个是答案"
      ! #47 第 3 个干扰项 （staple）与正确释义长度差太多（43%），会变成"最长的那个是答案"
      ! #61 第 1 个干扰项 （tissue）与正确释义长度差太多（44%），会变成"最长的那个是答案"
      ! #61 第 2 个干扰项 （tissue）与正确释义长度差太多（44%），会变成"最长的那个是答案"
      ! #61 第 3 个干扰项 （tissue）与正确释义长度差太多（44%），会变成"最长的那个是答案"
      ! #65 第 1 个干扰项 （memorandum）与正确释义长度差太多（40%），会变成"最长的那个是答案"
      ! #74 第 2 个干扰项 （element）与正确释义长度差太多（43%），会变成"最长的那个是答案"
      ! #74 第 3 个干扰项 （element）与正确释义长度差太多（43%），会变成"最长的那个是答案"
      ! #80 第 1 个干扰项 （bolt）与正确释义长度差太多（44%），会变成"最长的那个是答案"
      ! #80 第 3 个干扰项 （bolt）与正确释义长度差太多（44%），会变成"最长的那个是答案"
      ! #84 第 1 个干扰项 （curtain）与正确释义长度差太多（45%），会变成"最长的那个是答案"
      ! #84 第 2 个干扰项 （curtain）与正确释义长度差太多（45%），会变成"最长的那个是答案"
      ! #89 第 1 个干扰项 （bucket）与正确释义长度差太多（40%），会变成"最长的那个是答案"
      ! #90 第 2 个干扰项 （pail）与正确释义长度差太多（43%），会变成"最长的那个是答案"
      ! #91 第 2 个干扰项 （phone）与正确释义长度差太多（44%），会变成"最长的那个是答案"
      ! #97 第 1 个干扰项 （bulb）与正确释义长度差太多（44%），会变成"最长的那个是答案"
      ! #97 第 3 个干扰项 （bulb）与正确释义长度差太多（44%），会变成"最长的那个是答案"
      ! #98 第 2 个干扰项 （flashlight）与正确释义长度差太多（44%），会变成"最长的那个是答案"
      ! #99 第 3 个干扰项 （refrigerator）与正确释义长度差太多（250%），会变成"最长的那个是答案"
      ! #100 第 3 个干扰项 （fridge）与正确释义长度差太多（250%），会变成"最长的那个是答案"
      ! #101 第 1 个干扰项 （vacuum）与正确释义长度差太多（46%），会变成"最长的那个是答案"
      ! #101 第 3 个干扰项 （vacuum）与正确释义长度差太多（46%），会变成"最长的那个是答案"
      ! #102 第 3 个干扰项 （fan）与正确释义长度差太多（45%），会变成"最长的那个是答案"
      ! #106 第 1 个干扰项 （bronze）与正确释义长度差太多（43%），会变成"最长的那个是答案"
      ! #107 第 2 个干扰项 （cement）与正确释义长度差太多（44%），会变成"最长的那个是答案"
      ! #110 第 2 个干扰项 （plaster）与正确释义长度差太多（40%），会变成"最长的那个是答案"
      ! #113 第 3 个干扰项 （fibre）与正确释义长度差太多（40%），会变成"最长的那个是答案"
      ! #117 第 2 个干扰项 （canvas）与正确释义长度差太多（40%），会变成"最长的那个是答案"
      ! #131 第 2 个干扰项 （fake）与正确释义长度差太多（44%），会变成"最长的那个是答案"
      ! #133 第 1 个干扰项 （miniature）与正确释义长度差太多（43%），会变成"最长的那个是答案"
      ! #133 第 2 个干扰项 （miniature）与正确释义长度差太多（43%），会变成"最长的那个是答案"
      ! #133 第 3 个干扰项 （miniature）与正确释义长度差太多（43%），会变成"最长的那个是答案"
      干扰项类型：同词根 55 / 形近/音近 121 / 词性不同 4 / 近义 134 / 同主题 73 / 反义 18
  ✔ 第 11 章    91/91   词  100%  辨析均值 24.1 字
      ! #3 第 1 个干扰项 （trend）与正确释义长度差太多（250%），会变成"最长的那个是答案"
      ! #15 第 3 个干扰项 （jewel）与正确释义长度差太多（250%），会变成"最长的那个是答案"
      ! #19 第 3 个干扰项 （ornament）与正确释义长度差太多（217%），会变成"最长的那个是答案"
      ! #24 第 1 个干扰项 （dye）与正确释义长度差太多（44%），会变成"最长的那个是答案"
      ! #26 第 3 个干扰项 （veil）与正确释义长度差太多（40%），会变成"最长的那个是答案"
      ! #36 第 1 个干扰项 （make-up）与正确释义长度差太多（44%），会变成"最长的那个是答案"
      ! #36 第 2 个干扰项 （make-up）与正确释义长度差太多（44%），会变成"最长的那个是答案"
      ! #37 第 1 个干扰项 （handsome）与正确释义长度差太多（43%），会变成"最长的那个是答案"
      ! #37 第 2 个干扰项 （handsome）与正确释义长度差太多（43%），会变成"最长的那个是答案"
      ! #37 第 3 个干扰项 （handsome）与正确释义长度差太多（43%），会变成"最长的那个是答案"
      ! #46 第 2 个干扰项 （wallet）与正确释义长度差太多（40%），会变成"最长的那个是答案"
      ! #48 第 1 个干扰项 （wrap）与正确释义长度差太多（250%），会变成"最长的那个是答案"
      ! #48 第 2 个干扰项 （wrap）与正确释义长度差太多（250%），会变成"最长的那个是答案"
      ! #49 第 1 个干扰项 （cloak）与正确释义长度差太多（40%），会变成"最长的那个是答案"
      ! #52 第 1 个干扰项 （sock）与正确释义长度差太多（250%），会变成"最长的那个是答案"
      ! #53 第 1 个干扰项 （stocking）与正确释义长度差太多（40%），会变成"最长的那个是答案"
      ! #53 第 2 个干扰项 （stocking）与正确释义长度差太多（40%），会变成"最长的那个是答案"
      ! #53 第 3 个干扰项 （stocking）与正确释义长度差太多（40%），会变成"最长的那个是答案"
      ! #65 第 2 个干扰项 （strap）与正确释义长度差太多（40%），会变成"最长的那个是答案"
      ! #65 第 3 个干扰项 （strap）与正确释义长度差太多（40%），会变成"最长的那个是答案"
      ! #74 第 1 个干扰项 （velvet）与正确释义长度差太多（40%），会变成"最长的那个是答案"
      ! #74 第 2 个干扰项 （velvet）与正确释义长度差太多（40%），会变成"最长的那个是答案"
      ! #74 第 3 个干扰项 （velvet）与正确释义长度差太多（40%），会变成"最长的那个是答案"
      ! #89 第 1 个干扰项 （stain）与正确释义长度差太多（40%），会变成"最长的那个是答案"
      ! #89 第 2 个干扰项 （stain）与正确释义长度差太多（40%），会变成"最长的那个是答案"
      ! #89 第 3 个干扰项 （stain）与正确释义长度差太多（40%），会变成"最长的那个是答案"
      干扰项类型：同词根 12 / 形近/音近 42 / 词性不同 6 / 近义 132 / 同主题 75 / 反义 6
  ✔ 第 12 章   172/172  词  100%  辨析均值 23.7 字
      ! #2 第 2 个干扰项 （diet）与正确释义长度差太多（40%），会变成"最长的那个是答案"
      ! #3 第 1 个干扰项 （appetite）与正确释义长度差太多（33%），会变成"最长的那个是答案"
      ! #3 第 3 个干扰项 （appetite）与正确释义长度差太多（33%），会变成"最长的那个是答案"
      ! #4 第 2 个干扰项 （treat）与正确释义长度差太多（44%），会变成"最长的那个是答案"
      ! #4 第 3 个干扰项 （treat）与正确释义长度差太多（44%），会变成"最长的那个是答案"
      ! #5 第 2 个干扰项 （cater）与正确释义长度差太多（40%），会变成"最长的那个是答案"
      ! #6 第 1 个干扰项 （provision）与正确释义长度差太多（40%），会变成"最长的那个是答案"
      ! #6 第 2 个干扰项 （provision）与正确释义长度差太多（40%），会变成"最长的那个是答案"
      ! #6 第 3 个干扰项 （provision）与正确释义长度差太多（30%），会变成"最长的那个是答案"
      ! #10 第 2 个干扰项 （refectory）与正确释义长度差太多（33%），会变成"最长的那个是答案"
      ! #10 第 3 个干扰项 （refectory）与正确释义长度差太多（33%），会变成"最长的那个是答案"
      ! #13 第 1 个干扰项 （buffet）与正确释义长度差太多（233%），会变成"最长的那个是答案"
      ! #14 第 2 个干扰项 （barbecue）与正确释义长度差太多（44%），会变成"最长的那个是答案"
      ! #16 第 3 个干扰项 （banquet）与正确释义长度差太多（250%），会变成"最长的那个是答案"
      ! #17 第 3 个干扰项 （refreshment）与正确释义长度差太多（33%），会变成"最长的那个是答案"
      ! #22 第 1 个干扰项 （order）与正确释义长度差太多（40%），会变成"最长的那个是答案"
      ! #22 第 2 个干扰项 （order）与正确释义长度差太多（40%），会变成"最长的那个是答案"
      ! #22 第 3 个干扰项 （order）与正确释义长度差太多（30%），会变成"最长的那个是答案"
      ! #23 第 1 个干扰项 （takeaway）与正确释义长度差太多（44%），会变成"最长的那个是答案"
      ! #23 第 2 个干扰项 （takeaway）与正确释义长度差太多（22%），会变成"最长的那个是答案"
      ! #25 第 1 个干扰项 （gourmet）与正确释义长度差太多（45%），会变成"最长的那个是答案"
      ! #25 第 3 个干扰项 （gourmet）与正确释义长度差太多（18%），会变成"最长的那个是答案"
      ! #28 第 3 个干扰项 （silver）与正确释义长度差太多（36%），会变成"最长的那个是答案"
      ! #29 第 3 个干扰项 （ceramic）与正确释义长度差太多（38%），会变成"最长的那个是答案"
      ! #30 第 2 个干扰项 （porcelain）与正确释义长度差太多（233%），会变成"最长的那个是答案"
      ! #32 第 3 个干扰项 （dish）与正确释义长度差太多（33%），会变成"最长的那个是答案"
      ! #35 第 3 个干扰项 （fork）与正确释义长度差太多（40%），会变成"最长的那个是答案"
      ! #37 第 3 个干扰项 （spoon）与正确释义长度差太多（33%），会变成"最长的那个是答案"
      ! #38 第 1 个干扰项 （glass）与正确释义长度差太多（40%），会变成"最长的那个是答案"
      ! #38 第 3 个干扰项 （glass）与正确释义长度差太多（40%），会变成"最长的那个是答案"
      ! #39 第 1 个干扰项 （mug）与正确释义长度差太多（40%），会变成"最长的那个是答案"
      ! #41 第 1 个干扰项 （pan）与正确释义长度差太多（33%），会变成"最长的那个是答案"
      ! #42 第 2 个干扰项 （pot）与正确释义长度差太多（250%），会变成"最长的那个是答案"
      ! #45 第 3 个干扰项 （tin）与正确释义长度差太多（33%），会变成"最长的那个是答案"
      ! #47 第 2 个干扰项 （drink）与正确释义长度差太多（43%），会变成"最长的那个是答案"
      ! #47 第 3 个干扰项 （drink）与正确释义长度差太多（29%），会变成"最长的那个是答案"
      ! #48 第 2 个干扰项 （beverage）与正确释义长度差太多（33%），会变成"最长的那个是答案"
      ! #48 第 3 个干扰项 （beverage）与正确释义长度差太多（33%），会变成"最长的那个是答案"
      ! #50 第 1 个干扰项 （soda）与正确释义长度差太多（18%），会变成"最长的那个是答案"
      ! #50 第 2 个干扰项 （soda）与正确释义长度差太多（36%），会变成"最长的那个是答案"
      ! #51 第 2 个干扰项 （coffee）与正确释义长度差太多（250%），会变成"最长的那个是答案"
      ! #52 第 3 个干扰项 （alcohol）与正确释义长度差太多（40%），会变成"最长的那个是答案"
      ! #56 第 3 个干扰项 （drunk）与正确释义长度差太多（250%），会变成"最长的那个是答案"
      ! #61 第 1 个干扰项 （sober）与正确释义长度差太多（42%），会变成"最长的那个是答案"
      ! #66 第 3 个干扰项 （cabbage）与正确释义长度差太多（38%），会变成"最长的那个是答案"
      ! #68 第 1 个干扰项 （mushroom）与正确释义长度差太多（44%），会变成"最长的那个是答案"
      ! #68 第 2 个干扰项 （mushroom）与正确释义长度差太多（44%），会变成"最长的那个是答案"
      ! #68 第 3 个干扰项 （mushroom）与正确释义长度差太多（44%），会变成"最长的那个是答案"
      ! #74 第 1 个干扰项 （peel）与正确释义长度差太多（33%），会变成"最长的那个是答案"
      ! #74 第 2 个干扰项 （peel）与正确释义长度差太多（17%），会变成"最长的那个是答案"
      ! #74 第 3 个干扰项 （peel）与正确释义长度差太多（17%），会变成"最长的那个是答案"
      ! #75 第 2 个干扰项 （strip）与正确释义长度差太多（43%），会变成"最长的那个是答案"
      ! #75 第 3 个干扰项 （strip）与正确释义长度差太多（29%），会变成"最长的那个是答案"
      ! #77 第 1 个干扰项 （hull）与正确释义长度差太多（47%），会变成"最长的那个是答案"
      ! #77 第 3 个干扰项 （hull）与正确释义长度差太多（41%），会变成"最长的那个是答案"
      ! #78 第 1 个干扰项 （cherry）与正确释义长度差太多（40%），会变成"最长的那个是答案"
      ! #78 第 2 个干扰项 （cherry）与正确释义长度差太多（40%），会变成"最长的那个是答案"
      ! #78 第 3 个干扰项 （cherry）与正确释义长度差太多（40%），会变成"最长的那个是答案"
      ! #88 第 1 个干扰项 （kiwi）与正确释义长度差太多（33%），会变成"最长的那个是答案"
      ! #88 第 3 个干扰项 （kiwi）与正确释义长度差太多（33%），会变成"最长的那个是答案"
      ! #89 第 1 个干扰项 （crop）与正确释义长度差太多（33%），会变成"最长的那个是答案"
      ! #94 第 3 个干扰项 （flour）与正确释义长度差太多（33%），会变成"最长的那个是答案"
      ! #101 第 1 个干扰项 （dairy）与正确释义长度差太多（42%），会变成"最长的那个是答案"
      ! #101 第 2 个干扰项 （dairy）与正确释义长度差太多（25%），会变成"最长的那个是答案"
      ! #101 第 3 个干扰项 （dairy）与正确释义长度差太多（17%），会变成"最长的那个是答案"
      ! #104 第 1 个干扰项 （sausage）与正确释义长度差太多（250%），会变成"最长的那个是答案"
      ! #110 第 2 个干扰项 （pond）与正确释义长度差太多（250%），会变成"最长的那个是答案"
      ! #111 第 1 个干扰项 （butter）与正确释义长度差太多（33%），会变成"最长的那个是答案"
      ! #114 第 3 个干扰项 （pie）与正确释义长度差太多（33%），会变成"最长的那个是答案"
      ! #118 第 2 个干扰项 （hamburger）与正确释义长度差太多（38%），会变成"最长的那个是答案"
      ! #122 第 2 个干扰项 （loaf）与正确释义长度差太多（33%），会变成"最长的那个是答案"
      ! #123 第 1 个干扰项 （biscuit）与正确释义长度差太多（40%），会变成"最长的那个是答案"
      ! #123 第 2 个干扰项 （biscuit）与正确释义长度差太多（30%），会变成"最长的那个是答案"
      ! #123 第 3 个干扰项 （biscuit）与正确释义长度差太多（30%），会变成"最长的那个是答案"
      ! #128 第 2 个干扰项 （vanilla）与正确释义长度差太多（22%），会变成"最长的那个是答案"
      ! #130 第 1 个干扰项 （wasabi）与正确释义长度差太多（40%），会变成"最长的那个是答案"
      ! #130 第 3 个干扰项 （wasabi）与正确释义长度差太多（40%），会变成"最长的那个是答案"
      ! #131 第 2 个干扰项 （pepper）与正确释义长度差太多（33%），会变成"最长的那个是答案"
      ! #141 第 2 个干扰项 （sour）与正确释义长度差太多（29%），会变成"最长的那个是答案"
      ! #142 第 1 个干扰项 （sweet）与正确释义长度差太多（40%），会变成"最长的那个是答案"
      ! #142 第 2 个干扰项 （sweet）与正确释义长度差太多（40%），会变成"最长的那个是答案"
      ! #142 第 3 个干扰项 （sweet）与正确释义长度差太多（40%），会变成"最长的那个是答案"
      ! #143 第 2 个干扰项 （bitter）与正确释义长度差太多（25%），会变成"最长的那个是答案"
      ! #147 第 3 个干扰项 （tasty）与正确释义长度差太多（33%），会变成"最长的那个是答案"
      ! #148 第 3 个干扰项 （hunger）与正确释义长度差太多（43%），会变成"最长的那个是答案"
      ! #149 第 2 个干扰项 （thirsty）与正确释义长度差太多（40%），会变成"最长的那个是答案"
      ! #149 第 3 个干扰项 （thirsty）与正确释义长度差太多（40%），会变成"最长的那个是答案"
      ! #150 第 1 个干扰项 （spice）与正确释义长度差太多（31%），会变成"最长的那个是答案"
      ! #150 第 3 个干扰项 （spice）与正确释义长度差太多（31%），会变成"最长的那个是答案"
      ! #153 第 2 个干扰项 （perfume）与正确释义长度差太多（33%），会变成"最长的那个是答案"
      ! #153 第 3 个干扰项 （perfume）与正确释义长度差太多（33%），会变成"最长的那个是答案"
      ! #154 第 2 个干扰项 （ingredient）与正确释义长度差太多（40%），会变成"最长的那个是答案"
      ! #154 第 3 个干扰项 （ingredient）与正确释义长度差太多（40%），会变成"最长的那个是答案"
      ! #155 第 3 个干扰项 （supplement）与正确释义长度差太多（29%），会变成"最长的那个是答案"
      ! #156 第 1 个干扰项 （digest）与正确释义长度差太多（33%），会变成"最长的那个是答案"
      ! #156 第 2 个干扰项 （digest）与正确释义长度差太多（33%），会变成"最长的那个是答案"
      ! #156 第 3 个干扰项 （digest）与正确释义长度差太多（33%），会变成"最长的那个是答案"
      ! #157 第 1 个干扰项 （cook）与正确释义长度差太多（43%），会变成"最长的那个是答案"
      ! #157 第 2 个干扰项 （cook）与正确释义长度差太多（29%），会变成"最长的那个是答案"
      ! #157 第 3 个干扰项 （cook）与正确释义长度差太多（43%），会变成"最长的那个是答案"
      ! #161 第 3 个干扰项 （toast）与正确释义长度差太多（17%），会变成"最长的那个是答案"
      ! #166 第 1 个干扰项 （gum）与正确释义长度差太多（40%），会变成"最长的那个是答案"
      ! #166 第 2 个干扰项 （gum）与正确释义长度差太多（40%），会变成"最长的那个是答案"
      ! #167 第 1 个干扰项 （soak）与正确释义长度差太多（40%），会变成"最长的那个是答案"
      ! #167 第 2 个干扰项 （soak）与正确释义长度差太多（40%），会变成"最长的那个是答案"
      ! #167 第 3 个干扰项 （soak）与正确释义长度差太多（40%），会变成"最长的那个是答案"
      ! #170 第 1 个干扰项 （stir）与正确释义长度差太多（40%），会变成"最长的那个是答案"
      ! #170 第 2 个干扰项 （stir）与正确释义长度差太多（40%），会变成"最长的那个是答案"
      ! #170 第 3 个干扰项 （stir）与正确释义长度差太多（40%），会变成"最长的那个是答案"
      ! #171 第 2 个干扰项 （grind）与正确释义长度差太多（44%），会变成"最长的那个是答案"
      ! #171 第 3 个干扰项 （grind）与正确释义长度差太多（22%），会变成"最长的那个是答案"
      ! #172 第 1 个干扰项 （slice）与正确释义长度差太多（33%），会变成"最长的那个是答案"
      ! #172 第 2 个干扰项 （slice）与正确释义长度差太多（33%），会变成"最长的那个是答案"
      ! #172 第 3 个干扰项 （slice）与正确释义长度差太多（33%），会变成"最长的那个是答案"
      干扰项类型：同词根 13 / 形近/音近 77 / 词性不同 1 / 近义 251 / 同主题 162 / 反义 12
  ✔ 第 13 章   132/132  词  100%  辨析均值 24.3 字
      ! #5 第 2 个干扰项 （settle）与正确释义长度差太多（38%），会变成"最长的那个是答案"
      ! #6 第 1 个干扰项 （dwelling）与正确释义长度差太多（250%），会变成"最长的那个是答案"
      ! #8 第 1 个干扰项 （villa）与正确释义长度差太多（44%），会变成"最长的那个是答案"
      ! #8 第 2 个干扰项 （villa）与正确释义长度差太多（44%），会变成"最长的那个是答案"
      ! #8 第 3 个干扰项 （villa）与正确释义长度差太多（44%），会变成"最长的那个是答案"
      ! #12 第 1 个干扰项 （hostel）与正确释义长度差太多（40%），会变成"最长的那个是答案"
      ! #13 第 1 个干扰项 （lodge）与正确释义长度差太多（38%），会变成"最长的那个是答案"
      ! #17 第 3 个干扰项 （grid）与正确释义长度差太多（43%），会变成"最长的那个是答案"
      ! #19 第 1 个干扰项 （cellar）与正确释义长度差太多（40%），会变成"最长的那个是答案"
      ! #20 第 1 个干扰项 （shed）与正确释义长度差太多（33%），会变成"最长的那个是答案"
      ! #20 第 2 个干扰项 （shed）与正确释义长度差太多（33%），会变成"最长的那个是答案"
      ! #20 第 3 个干扰项 （shed）与正确释义长度差太多（33%），会变成"最长的那个是答案"
      ! #25 第 1 个干扰项 （nursery）与正确释义长度差太多（20%），会变成"最长的那个是答案"
      ! #25 第 2 个干扰项 （nursery）与正确释义长度差太多（40%），会变成"最长的那个是答案"
      ! #25 第 3 个干扰项 （nursery）与正确释义长度差太多（20%），会变成"最长的那个是答案"
      ! #26 第 1 个干扰项 （cradle）与正确释义长度差太多（40%），会变成"最长的那个是答案"
      ! #27 第 1 个干扰项 （shelter）与正确释义长度差太多（40%），会变成"最长的那个是答案"
      ! #27 第 2 个干扰项 （shelter）与正确释义长度差太多（40%），会变成"最长的那个是答案"
      ! #28 第 1 个干扰项 （staircase）与正确释义长度差太多（33%），会变成"最长的那个是答案"
      ! #29 第 3 个干扰项 （storey）与正确释义长度差太多（250%），会变成"最长的那个是答案"
      ! #32 第 1 个干扰项 （escalator）与正确释义长度差太多（33%），会变成"最长的那个是答案"
      ! #34 第 1 个干扰项 （pillar）与正确释义长度差太多（33%），会变成"最长的那个是答案"
      ! #34 第 2 个干扰项 （pillar）与正确释义长度差太多（33%），会变成"最长的那个是答案"
      ! #34 第 3 个干扰项 （pillar）与正确释义长度差太多（33%），会变成"最长的那个是答案"
      ! #35 第 1 个干扰项 （column）与正确释义长度差太多（38%），会变成"最长的那个是答案"
      ! #36 第 1 个干扰项 （beam）与正确释义长度差太多（27%），会变成"最长的那个是答案"
      ! #36 第 2 个干扰项 （beam）与正确释义长度差太多（18%），会变成"最长的那个是答案"
      ! #36 第 3 个干扰项 （beam）与正确释义长度差太多（18%），会变成"最长的那个是答案"
      ! #37 第 1 个干扰项 （vault）与正确释义长度差太多（29%），会变成"最长的那个是答案"
      ! #37 第 3 个干扰项 （vault）与正确释义长度差太多（43%），会变成"最长的那个是答案"
      ! #38 第 3 个干扰项 （arch）与正确释义长度差太多（13%），会变成"最长的那个是答案"
      ! #39 第 1 个干扰项 （ceiling）与正确释义长度差太多（40%），会变成"最长的那个是答案"
      ! #39 第 3 个干扰项 （ceiling）与正确释义长度差太多（40%），会变成"最长的那个是答案"
      ! #43 第 1 个干扰项 （lobby）与正确释义长度差太多（44%），会变成"最长的那个是答案"
      ! #43 第 3 个干扰项 （lobby）与正确释义长度差太多（33%），会变成"最长的那个是答案"
      ! #44 第 1 个干扰项 （bench）与正确释义长度差太多（44%），会变成"最长的那个是答案"
      ! #44 第 2 个干扰项 （bench）与正确释义长度差太多（44%），会变成"最长的那个是答案"
      ! #44 第 3 个干扰项 （bench）与正确释义长度差太多（44%），会变成"最长的那个是答案"
      ! #48 第 1 个干扰项 （living room）与正确释义长度差太多（40%），会变成"最长的那个是答案"
      ! #48 第 2 个干扰项 （living room）与正确释义长度差太多（40%），会变成"最长的那个是答案"
      ! #49 第 2 个干扰项 （cabinet）与正确释义长度差太多（40%），会变成"最长的那个是答案"
      ! #49 第 3 个干扰项 （cabinet）与正确释义长度差太多（40%），会变成"最长的那个是答案"
      ! #51 第 2 个干扰项 （terrace）与正确释义长度差太多（29%），会变成"最长的那个是答案"
      ! #53 第 3 个干扰项 （lavatory）与正确释义长度差太多（40%），会变成"最长的那个是答案"
      ! #54 第 2 个干扰项 （toilet）与正确释义长度差太多（43%），会变成"最长的那个是答案"
      ! #54 第 3 个干扰项 （toilet）与正确释义长度差太多（14%），会变成"最长的那个是答案"
      ! #57 第 1 个干扰项 （reserve）与正确释义长度差太多（36%），会变成"最长的那个是答案"
      ! #57 第 3 个干扰项 （reserve）与正确释义长度差太多（18%），会变成"最长的那个是答案"
      ! #59 第 1 个干扰项 （mall）与正确释义长度差太多（33%），会变成"最长的那个是答案"
      ! #59 第 3 个干扰项 （mall）与正确释义长度差太多（33%），会变成"最长的那个是答案"
      ! #60 第 3 个干扰项 （complex）与正确释义长度差太多（40%），会变成"最长的那个是答案"
      ! #62 第 1 个干扰项 （booth）与正确释义长度差太多（44%），会变成"最长的那个是答案"
      ! #62 第 2 个干扰项 （booth）与正确释义长度差太多（33%），会变成"最长的那个是答案"
      ! #62 第 3 个干扰项 （booth）与正确释义长度差太多（44%），会变成"最长的那个是答案"
      ! #64 第 1 个干扰项 （studio）与正确释义长度差太多（40%），会变成"最长的那个是答案"
      ! #64 第 3 个干扰项 （studio）与正确释义长度差太多（40%），会变成"最长的那个是答案"
      ! #65 第 1 个干扰项 （downtown）与正确释义长度差太多（30%），会变成"最长的那个是答案"
      ! #65 第 2 个干扰项 （downtown）与正确释义长度差太多（40%），会变成"最长的那个是答案"
      ! #65 第 3 个干扰项 （downtown）与正确释义长度差太多（40%），会变成"最长的那个是答案"
      ! #66 第 3 个干扰项 （urban）与正确释义长度差太多（233%），会变成"最长的那个是答案"
      ! #68 第 1 个干扰项 （vicinity）与正确释义长度差太多（33%），会变成"最长的那个是答案"
      ! #70 第 1 个干扰项 （void）与正确释义长度差太多（36%），会变成"最长的那个是答案"
      ! #70 第 2 个干扰项 （void）与正确释义长度差太多（18%），会变成"最长的那个是答案"
      ! #70 第 3 个干扰项 （void）与正确释义长度差太多（36%），会变成"最长的那个是答案"
      ! #72 第 1 个干扰项 （airtight）与正确释义长度差太多（43%），会变成"最长的那个是答案"
      ! #72 第 2 个干扰项 （airtight）与正确释义长度差太多（43%），会变成"最长的那个是答案"
      ! #72 第 3 个干扰项 （airtight）与正确释义长度差太多（43%），会变成"最长的那个是答案"
      ! #76 第 1 个干扰项 （carpenters）与正确释义长度差太多（250%），会变成"最长的那个是答案"
      ! #76 第 3 个干扰项 （carpenters）与正确释义长度差太多（250%），会变成"最长的那个是答案"
      ! #77 第 1 个干扰项 （mason）与正确释义长度差太多（40%），会变成"最长的那个是答案"
      ! #81 第 2 个干扰项 （hook）与正确释义长度差太多（33%），会变成"最长的那个是答案"
      ! #82 第 1 个干扰项 （lever）与正确释义长度差太多（40%），会变成"最长的那个是答案"
      ! #83 第 1 个干扰项 （pole）与正确释义长度差太多（250%），会变成"最长的那个是答案"
      ! #89 第 2 个干扰项 （maintain）与正确释义长度差太多（33%），会变成"最长的那个是答案"
      ! #90 第 2 个干扰项 （fix）与正确释义长度差太多（40%），会变成"最长的那个是答案"
      ! #90 第 3 个干扰项 （fix）与正确释义长度差太多（40%），会变成"最长的那个是答案"
      ! #94 第 1 个干扰项 （drill）与正确释义长度差太多（18%），会变成"最长的那个是答案"
      ! #94 第 3 个干扰项 （drill）与正确释义长度差太多（36%），会变成"最长的那个是答案"
      ! #95 第 1 个干扰项 （plumb）与正确释义长度差太多（31%），会变成"最长的那个是答案"
      ! #95 第 3 个干扰项 （plumb）与正确释义长度差太多（38%），会变成"最长的那个是答案"
      ! #98 第 1 个干扰项 （dam）与正确释义长度差太多（43%），会变成"最长的那个是答案"
      ! #98 第 3 个干扰项 （dam）与正确释义长度差太多（43%），会变成"最长的那个是答案"
      ! #99 第 1 个干扰项 （trim）与正确释义长度差太多（38%），会变成"最长的那个是答案"
      ! #99 第 2 个干扰项 （trim）与正确释义长度差太多（15%），会变成"最长的那个是答案"
      ! #99 第 3 个干扰项 （trim）与正确释义长度差太多（31%），会变成"最长的那个是答案"
      ! #101 第 2 个干扰项 （install）与正确释义长度差太多（250%），会变成"最长的那个是答案"
      ! #102 第 1 个干扰项 （furnish）与正确释义长度差太多（43%），会变成"最长的那个是答案"
      ! #109 第 2 个干扰项 （exit）与正确释义长度差太多（44%），会变成"最长的那个是答案"
      ! #109 第 3 个干扰项 （exit）与正确释义长度差太多（44%），会变成"最长的那个是答案"
      ! #111 第 1 个干扰项 （outward）与正确释义长度差太多（38%），会变成"最长的那个是答案"
      ! #112 第 2 个干扰项 （exterior）与正确释义长度差太多（30%），会变成"最长的那个是答案"
      ! #112 第 3 个干扰项 （exterior）与正确释义长度差太多（40%），会变成"最长的那个是答案"
      ! #113 第 1 个干扰项 （external）与正确释义长度差太多（44%），会变成"最长的那个是答案"
      ! #113 第 2 个干扰项 （external）与正确释义长度差太多（33%），会变成"最长的那个是答案"
      ! #116 第 3 个干扰项 （inward）与正确释义长度差太多（45%），会变成"最长的那个是答案"
      ! #118 第 3 个干扰项 （architecture）与正确释义长度差太多（43%），会变成"最长的那个是答案"
      ! #121 第 1 个干扰项 （construct）与正确释义长度差太多（250%），会变成"最长的那个是答案"
      ! #126 第 2 个干扰项 （concrete）与正确释义长度差太多（43%），会变成"最长的那个是答案"
      ! #126 第 3 个干扰项 （concrete）与正确释义长度差太多（29%），会变成"最长的那个是答案"
      ! #128 第 2 个干扰项 （stability）与正确释义长度差太多（233%），会变成"最长的那个是答案"
      ! #129 第 3 个干扰项 （site）与正确释义长度差太多（250%），会变成"最长的那个是答案"
      ! #131 第 1 个干扰项 （landmark）与正确释义长度差太多（40%），会变成"最长的那个是答案"
      干扰项类型：同词根 17 / 形近/音近 97 / 词性不同 9 / 近义 161 / 同主题 95 / 反义 17
  ✔ 第 14 章   139/139  词  100%  辨析均值 24.2 字
      ! #2 第 2 个干扰项 （voyage）与正确释义长度差太多（33%），会变成"最长的那个是答案"
      ! #3 第 2 个干扰项 （aviation）与正确释义长度差太多（44%），会变成"最长的那个是答案"
      ! #3 第 3 个干扰项 （aviation）与正确释义长度差太多（33%），会变成"最长的那个是答案"
      ! #4 第 2 个干扰项 （journey）与正确释义长度差太多（250%），会变成"最长的那个是答案"
      ! #6 第 2 个干扰项 （safari）与正确释义长度差太多（40%），会变成"最长的那个是答案"
      ! #6 第 3 个干扰项 （safari）与正确释义长度差太多（40%），会变成"最长的那个是答案"
      ! #7 第 3 个干扰项 （parade）与正确释义长度差太多（47%），会变成"最长的那个是答案"
      ! #8 第 2 个干扰项 （haunt）与正确释义长度差太多（31%），会变成"最长的那个是答案"
      ! #9 第 3 个干扰项 （attraction）与正确释义长度差太多（30%），会变成"最长的那个是答案"
      ! #13 第 1 个干扰项 （visa）与正确释义长度差太多（250%），会变成"最长的那个是答案"
      ! #15 第 2 个干扰项 （airline）与正确释义长度差太多（225%），会变成"最长的那个是答案"
      ! #17 第 1 个干扰项 （helicopter）与正确释义长度差太多（13%），会变成"最长的那个是答案"
      ! #17 第 2 个干扰项 （helicopter）与正确释义长度差太多（31%），会变成"最长的那个是答案"
      ! #18 第 2 个干扰项 （jet）与正确释义长度差太多（38%），会变成"最长的那个是答案"
      ! #18 第 3 个干扰项 （jet）与正确释义长度差太多（38%），会变成"最长的那个是答案"
      ! #25 第 3 个干扰项 （suitcase）与正确释义长度差太多（33%），会变成"最长的那个是答案"
      ! #26 第 2 个干扰项 （carry-on）与正确释义长度差太多（43%），会变成"最长的那个是答案"
      ! #26 第 3 个干扰项 （carry-on）与正确释义长度差太多（39%），会变成"最长的那个是答案"
      ! #28 第 2 个干扰项 （rack）与正确释义长度差太多（33%），会变成"最长的那个是答案"
      ! #29 第 2 个干扰项 （freight）与正确释义长度差太多（44%），会变成"最长的那个是答案"
      ! #29 第 3 个干扰项 （freight）与正确释义长度差太多（44%），会变成"最长的那个是答案"
      ! #31 第 1 个干扰项 （passage）与正确释义长度差太多（33%），会变成"最长的那个是答案"
      ! #31 第 3 个干扰项 （passage）与正确释义长度差太多（33%），会变成"最长的那个是答案"
      ! #33 第 2 个干扰项 （cross）与正确释义长度差太多（22%），会变成"最长的那个是答案"
      ! #34 第 3 个干扰项 （atlas）与正确释义长度差太多（33%），会变成"最长的那个是答案"
      ! #41 第 2 个干扰项 （curb）与正确释义长度差太多（40%），会变成"最长的那个是答案"
      ! #41 第 3 个干扰项 （curb）与正确释义长度差太多（40%），会变成"最长的那个是答案"
      ! #43 第 1 个干扰项 （pave）与正确释义长度差太多（40%），会变成"最长的那个是答案"
      ! #43 第 2 个干扰项 （pave）与正确释义长度差太多（40%），会变成"最长的那个是答案"
      ! #44 第 1 个干扰项 （vehicle）与正确释义长度差太多（30%），会变成"最长的那个是答案"
      ! #44 第 2 个干扰项 （vehicle）与正确释义长度差太多（40%），会变成"最长的那个是答案"
      ! #44 第 3 个干扰项 （vehicle）与正确释义长度差太多（40%），会变成"最长的那个是答案"
      ! #46 第 1 个干扰项 （express）与正确释义长度差太多（35%），会变成"最长的那个是答案"
      ! #46 第 2 个干扰项 （express）与正确释义长度差太多（12%），会变成"最长的那个是答案"
      ! #46 第 3 个干扰项 （express）与正确释义长度差太多（18%），会变成"最长的那个是答案"
      ! #48 第 1 个干扰项 （coach）与正确释义长度差太多（40%），会变成"最长的那个是答案"
      ! #52 第 1 个干扰项 （van）与正确释义长度差太多（29%），会变成"最长的那个是答案"
      ! #53 第 1 个干扰项 （wagon）与正确释义长度差太多（12%），会变成"最长的那个是答案"
      ! #53 第 2 个干扰项 （wagon）与正确释义长度差太多（24%），会变成"最长的那个是答案"
      ! #54 第 2 个干扰项 （carriage）与正确释义长度差太多（33%），会变成"最长的那个是答案"
      ! #54 第 3 个干扰项 （carriage）与正确释义长度差太多（42%），会变成"最长的那个是答案"
      ! #55 第 2 个干扰项 （tractor）与正确释义长度差太多（33%），会变成"最长的那个是答案"
      ! #56 第 1 个干扰项 （cart）与正确释义长度差太多（35%），会变成"最长的那个是答案"
      ! #56 第 2 个干扰项 （cart）与正确释义长度差太多（29%），会变成"最长的那个是答案"
      ! #56 第 3 个干扰项 （cart）与正确释义长度差太多（24%），会变成"最长的那个是答案"
      ! #57 第 3 个干扰项 （pedicab）与正确释义长度差太多（40%），会变成"最长的那个是答案"
      ! #58 第 2 个干扰项 （cycle）与正确释义长度差太多（40%），会变成"最长的那个是答案"
      ! #59 第 2 个干扰项 （garage）与正确释义长度差太多（43%），会变成"最长的那个是答案"
      ! #61 第 2 个干扰项 （horsepower）与正确释义长度差太多（250%），会变成"最长的那个是答案"
      ! #63 第 1 个干扰项 （brake）与正确释义长度差太多（43%），会变成"最长的那个是答案"
      ! #64 第 1 个干扰项 （tyre）与正确释义长度差太多（250%），会变成"最长的那个是答案"
      ! #65 第 1 个干扰项 （honk）与正确释义长度差太多（29%），会变成"最长的那个是答案"
      ! #65 第 2 个干扰项 （honk）与正确释义长度差太多（36%），会变成"最长的那个是答案"
      ! #65 第 3 个干扰项 （honk）与正确释义长度差太多（29%），会变成"最长的那个是答案"
      ! #66 第 1 个干扰项 （crew）与正确释义长度差太多（8%），会变成"最长的那个是答案"
      ! #66 第 2 个干扰项 （crew）与正确释义长度差太多（8%），会变成"最长的那个是答案"
      ! #66 第 3 个干扰项 （crew）与正确释义长度差太多（16%），会变成"最长的那个是答案"
      ! #69 第 1 个干扰项 （emergency）与正确释义长度差太多（40%），会变成"最长的那个是答案"
      ! #69 第 2 个干扰项 （emergency）与正确释义长度差太多（20%），会变成"最长的那个是答案"
      ! #69 第 3 个干扰项 （emergency）与正确释义长度差太多（40%），会变成"最长的那个是答案"
      ! #70 第 1 个干扰项 （wreck）与正确释义长度差太多（27%），会变成"最长的那个是答案"
      ! #70 第 2 个干扰项 （wreck）与正确释义长度差太多（32%），会变成"最长的那个是答案"
      ! #70 第 3 个干扰项 （wreck）与正确释义长度差太多（45%），会变成"最长的那个是答案"
      ! #72 第 1 个干扰项 （crush）与正确释义长度差太多（25%），会变成"最长的那个是答案"
      ! #72 第 2 个干扰项 （crush）与正确释义长度差太多（13%），会变成"最长的那个是答案"
      ! #72 第 3 个干扰项 （crush）与正确释义长度差太多（25%），会变成"最长的那个是答案"
      ! #77 第 1 个干扰项 （alibi）与正确释义长度差太多（27%），会变成"最长的那个是答案"
      ! #77 第 2 个干扰项 （alibi）与正确释义长度差太多（33%），会变成"最长的那个是答案"
      ! #78 第 1 个干扰项 （wreck）与正确释义长度差太多（32%），会变成"最长的那个是答案"
      ! #78 第 2 个干扰项 （wreck）与正确释义长度差太多（18%），会变成"最长的那个是答案"
      ! #78 第 3 个干扰项 （wreck）与正确释义长度差太多（23%），会变成"最长的那个是答案"
      ! #80 第 2 个干扰项 （crush）与正确释义长度差太多（13%），会变成"最长的那个是答案"
      ! #80 第 3 个干扰项 （crush）与正确释义长度差太多（38%），会变成"最长的那个是答案"
      ! #82 第 3 个干扰项 （submerge）与正确释义长度差太多（40%），会变成"最长的那个是答案"
      ! #88 第 3 个干扰项 （vessel）与正确释义长度差太多（29%），会变成"最长的那个是答案"
      ! #90 第 2 个干扰项 （sail）与正确释义长度差太多（33%），会变成"最长的那个是答案"
      ! #93 第 2 个干扰项 （oar）与正确释义长度差太多（33%），会变成"最长的那个是答案"
      ! #94 第 1 个干扰项 （deck）与正确释义长度差太多（40%），会变成"最长的那个是答案"
      ! #94 第 2 个干扰项 （deck）与正确释义长度差太多（40%），会变成"最长的那个是答案"
      ! #99 第 2 个干扰项 （embark）与正确释义长度差太多（44%），会变成"最长的那个是答案"
      ! #99 第 3 个干扰项 （embark）与正确释义长度差太多（44%），会变成"最长的那个是答案"
      ! #100 第 1 个干扰项 （channel）与正确释义长度差太多（38%），会变成"最长的那个是答案"
      ! #101 第 1 个干扰项 （canal）与正确释义长度差太多（14%），会变成"最长的那个是答案"
      ! #101 第 2 个干扰项 （canal）与正确释义长度差太多（14%），会变成"最长的那个是答案"
      ! #103 第 2 个干扰项 （railroad）与正确释义长度差太多（29%），会变成"最长的那个是答案"
      ! #107 第 1 个干扰项 （underground）与正确释义长度差太多（30%），会变成"最长的那个是答案"
      ! #107 第 2 个干扰项 （underground）与正确释义长度差太多（40%），会变成"最长的那个是答案"
      ! #109 第 2 个干扰项 （rail）与正确释义长度差太多（33%），会变成"最长的那个是答案"
      ! #111 第 2 个干扰项 （arrive）与正确释义长度差太多（33%），会变成"最长的那个是答案"
      ! #113 第 1 个干扰项 （delay）与正确释义长度差太多（45%），会变成"最长的那个是答案"
      ! #113 第 2 个干扰项 （delay）与正确释义长度差太多（36%），会变成"最长的那个是答案"
      ! #113 第 3 个干扰项 （delay）与正确释义长度差太多（36%），会变成"最长的那个是答案"
      ! #114 第 3 个干扰项 （postpone）与正确释义长度差太多（40%），会变成"最长的那个是答案"
      ! #116 第 1 个干扰项 （lull）与正确释义长度差太多（31%），会变成"最长的那个是答案"
      ! #116 第 2 个干扰项 （lull）与正确释义长度差太多（31%），会变成"最长的那个是答案"
      ! #116 第 3 个干扰项 （lull）与正确释义长度差太多（46%），会变成"最长的那个是答案"
      ! #117 第 3 个干扰项 （expire）与正确释义长度差太多（33%），会变成"最长的那个是答案"
      ! #120 第 1 个干扰项 （stamp）与正确释义长度差太多（33%），会变成"最长的那个是答案"
      ! #120 第 2 个干扰项 （stamp）与正确释义长度差太多（33%），会变成"最长的那个是答案"
      ! #120 第 3 个干扰项 （stamp）与正确释义长度差太多（33%），会变成"最长的那个是答案"
      ! #121 第 2 个干扰项 （envelope）与正确释义长度差太多（250%），会变成"最长的那个是答案"
      ! #122 第 1 个干扰项 （mail）与正确释义长度差太多（44%），会变成"最长的那个是答案"
      ! #122 第 2 个干扰项 （mail）与正确释义长度差太多（44%），会变成"最长的那个是答案"
      ! #122 第 3 个干扰项 （mail）与正确释义长度差太多（44%），会变成"最长的那个是答案"
      ! #123 第 1 个干扰项 （packet）与正确释义长度差太多（40%），会变成"最长的那个是答案"
      ! #123 第 2 个干扰项 （packet）与正确释义长度差太多（20%），会变成"最长的那个是答案"
      ! #123 第 3 个干扰项 （packet）与正确释义长度差太多（40%），会变成"最长的那个是答案"
      ! #124 第 2 个干扰项 （package）与正确释义长度差太多（25%），会变成"最长的那个是答案"
      ! #126 第 1 个干扰项 （parcel）与正确释义长度差太多（31%），会变成"最长的那个是答案"
      ! #127 第 2 个干扰项 （load）与正确释义长度差太多（44%），会变成"最长的那个是答案"
      ! #127 第 3 个干扰项 （load）与正确释义长度差太多（44%），会变成"最长的那个是答案"
      ! #129 第 1 个干扰项 （transfer）与正确释义长度差太多（44%），会变成"最长的那个是答案"
      ! #129 第 2 个干扰项 （transfer）与正确释义长度差太多（44%），会变成"最长的那个是答案"
      ! #129 第 3 个干扰项 （transfer）与正确释义长度差太多（44%），会变成"最长的那个是答案"
      ! #131 第 1 个干扰项 （transit）与正确释义长度差太多（38%），会变成"最长的那个是答案"
      ! #131 第 2 个干扰项 （transit）与正确释义长度差太多（31%），会变成"最长的那个是答案"
      ! #131 第 3 个干扰项 （transit）与正确释义长度差太多（31%），会变成"最长的那个是答案"
      干扰项类型：同词根 6 / 形近/音近 18 / 词性不同 3 / 近义 242 / 同主题 130 / 反义 18
  ✔ 第 15 章   135/135  词  100%  辨析均值 23 字
      ! #3 第 1 个干扰项 （socialism）与正确释义长度差太多（250%），会变成"最长的那个是答案"
      ! #3 第 2 个干扰项 （socialism）与正确释义长度差太多（250%），会变成"最长的那个是答案"
      ! #3 第 3 个干扰项 （socialism）与正确释义长度差太多（250%），会变成"最长的那个是答案"
      ! #4 第 1 个干扰项 （communism）与正确释义长度差太多（250%），会变成"最长的那个是答案"
      ! #4 第 2 个干扰项 （communism）与正确释义长度差太多（250%），会变成"最长的那个是答案"
      ! #4 第 3 个干扰项 （communism）与正确释义长度差太多（250%），会变成"最长的那个是答案"
      ! #7 第 1 个干扰项 （authority）与正确释义长度差太多（14%），会变成"最长的那个是答案"
      ! #7 第 2 个干扰项 （authority）与正确释义长度差太多（21%），会变成"最长的那个是答案"
      ! #7 第 3 个干扰项 （authority）与正确释义长度差太多（32%），会变成"最长的那个是答案"
      ! #16 第 2 个干扰项 （bilateral）与正确释义长度差太多（233%），会变成"最长的那个是答案"
      ! #17 第 2 个干扰项 （reform）与正确释义长度差太多（43%），会变成"最长的那个是答案"
      ! #19 第 2 个干扰项 （flag）与正确释义长度差太多（233%），会变成"最长的那个是答案"
      ! #19 第 3 个干扰项 （flag）与正确释义长度差太多（233%），会变成"最长的那个是答案"
      ! #24 第 2 个干扰项 （process）与正确释义长度差太多（46%），会变成"最长的那个是答案"
      ! #26 第 1 个干扰项 （premier）与正确释义长度差太多（46%），会变成"最长的那个是答案"
      ! #26 第 3 个干扰项 （premier）与正确释义长度差太多（46%），会变成"最长的那个是答案"
      ! #30 第 1 个干扰项 （senate）与正确释义长度差太多（44%），会变成"最长的那个是答案"
      ! #30 第 2 个干扰项 （senate）与正确释义长度差太多（33%），会变成"最长的那个是答案"
      ! #30 第 3 个干扰项 （senate）与正确释义长度差太多（33%），会变成"最长的那个是答案"
      ! #31 第 1 个干扰项 （conference）与正确释义长度差太多（44%），会变成"最长的那个是答案"
      ! #31 第 2 个干扰项 （conference）与正确释义长度差太多（38%），会变成"最长的那个是答案"
      ! #32 第 1 个干扰项 （meeting）与正确释义长度差太多（225%），会变成"最长的那个是答案"
      ! #35 第 1 个干扰项 （behalf）与正确释义长度差太多（38%），会变成"最长的那个是答案"
      ! #35 第 2 个干扰项 （behalf）与正确释义长度差太多（38%），会变成"最长的那个是答案"
      ! #35 第 3 个干扰项 （behalf）与正确释义长度差太多（38%），会变成"最长的那个是答案"
      ! #38 第 3 个干扰项 （mayor）与正确释义长度差太多（250%），会变成"最长的那个是答案"
      ! #39 第 1 个干扰项 （service）与正确释义长度差太多（43%），会变成"最长的那个是答案"
      ! #39 第 2 个干扰项 （service）与正确释义长度差太多（43%），会变成"最长的那个是答案"
      ! #39 第 3 个干扰项 （service）与正确释义长度差太多（36%），会变成"最长的那个是答案"
      ! #42 第 1 个干扰项 （department）与正确释义长度差太多（47%），会变成"最长的那个是答案"
      ! #42 第 2 个干扰项 （department）与正确释义长度差太多（33%），会变成"最长的那个是答案"
      ! #42 第 3 个干扰项 （department）与正确释义长度差太多（47%），会变成"最长的那个是答案"
      ! #57 第 2 个干扰项 （institution）与正确释义长度差太多（33%），会变成"最长的那个是答案"
      ! #57 第 3 个干扰项 （institution）与正确释义长度差太多（47%），会变成"最长的那个是答案"
      ! #65 第 1 个干扰项 （overseas）与正确释义长度差太多（40%），会变成"最长的那个是答案"
      ! #65 第 2 个干扰项 （overseas）与正确释义长度差太多（40%），会变成"最长的那个是答案"
      ! #65 第 3 个干扰项 （overseas）与正确释义长度差太多（40%），会变成"最长的那个是答案"
      ! #71 第 3 个干扰项 （immigrate）与正确释义长度差太多（43%），会变成"最长的那个是答案"
      ! #72 第 1 个干扰项 （reign）与正确释义长度差太多（44%），会变成"最长的那个是答案"
      ! #74 第 2 个干扰项 （wreath）与正确释义长度差太多（40%），会变成"最长的那个是答案"
      ! #74 第 3 个干扰项 （wreath）与正确释义长度差太多（40%），会变成"最长的那个是答案"
      ! #76 第 2 个干扰项 （liberty）与正确释义长度差太多（250%），会变成"最长的那个是答案"
      ! #78 第 1 个干扰项 （slum）与正确释义长度差太多（233%），会变成"最长的那个是答案"
      ! #79 第 2 个干扰项 （refuge）与正确释义长度差太多（43%），会变成"最长的那个是答案"
      ! #81 第 2 个干扰项 （population）与正确释义长度差太多（33%），会变成"最长的那个是答案"
      ! #87 第 3 个干扰项 （clan）与正确释义长度差太多（33%），会变成"最长的那个是答案"
      ! #88 第 1 个干扰项 （franchise）与正确释义长度差太多（16%），会变成"最长的那个是答案"
      ! #88 第 2 个干扰项 （franchise）与正确释义长度差太多（21%），会变成"最长的那个是答案"
      ! #88 第 3 个干扰项 （franchise）与正确释义长度差太多（47%），会变成"最长的那个是答案"
      ! #89 第 1 个干扰项 （entitle）与正确释义长度差太多（44%），会变成"最长的那个是答案"
      ! #90 第 1 个干扰项 （preference）与正确释义长度差太多（40%），会变成"最长的那个是答案"
      ! #91 第 2 个干扰项 （vote）与正确释义长度差太多（40%），会变成"最长的那个是答案"
      ! #91 第 3 个干扰项 （vote）与正确释义长度差太多（40%），会变成"最长的那个是答案"
      ! #92 第 1 个干扰项 （poll）与正确释义长度差太多（45%），会变成"最长的那个是答案"
      ! #92 第 2 个干扰项 （poll）与正确释义长度差太多（36%），会变成"最长的那个是答案"
      ! #93 第 2 个干扰项 （respondent）与正确释义长度差太多（40%），会变成"最长的那个是答案"
      ! #98 第 2 个干扰项 （succession）与正确释义长度差太多（43%），会变成"最长的那个是答案"
      ! #105 第 1 个干扰项 （claim）与正确释义长度差太多（31%），会变成"最长的那个是答案"
      ! #105 第 2 个干扰项 （claim）与正确释义长度差太多（46%），会变成"最长的那个是答案"
      ! #105 第 3 个干扰项 （claim）与正确释义长度差太多（31%），会变成"最长的那个是答案"
      ! #107 第 1 个干扰项 （state）与正确释义长度差太多（40%），会变成"最长的那个是答案"
      ! #107 第 3 个干扰项 （state）与正确释义长度差太多（40%），会变成"最长的那个是答案"
      ! #110 第 1 个干扰项 （assist）与正确释义长度差太多（225%），会变成"最长的那个是答案"
      ! #111 第 1 个干扰项 （aid）与正确释义长度差太多（44%），会变成"最长的那个是答案"
      ! #111 第 2 个干扰项 （aid）与正确释义长度差太多（44%），会变成"最长的那个是答案"
      ! #113 第 1 个干扰项 （implement）与正确释义长度差太多（44%），会变成"最长的那个是答案"
      ! #113 第 2 个干扰项 （implement）与正确释义长度差太多（44%），会变成"最长的那个是答案"
      ! #113 第 3 个干扰项 （implement）与正确释义长度差太多（44%），会变成"最长的那个是答案"
      ! #114 第 1 个干扰项 （monitor）与正确释义长度差太多（31%），会变成"最长的那个是答案"
      ! #114 第 2 个干扰项 （monitor）与正确释义长度差太多（31%），会变成"最长的那个是答案"
      ! #114 第 3 个干扰项 （monitor）与正确释义长度差太多（31%），会变成"最长的那个是答案"
      ! #118 第 2 个干扰项 （Latin）与正确释义长度差太多（47%），会变成"最长的那个是答案"
      ! #122 第 3 个干扰项 （Roman）与正确释义长度差太多（45%），会变成"最长的那个是答案"
      干扰项类型：同词根 40 / 形近/音近 124 / 近义 115 / 同主题 108 / 反义 18
  ✔ 第 16 章   171/171  词  100%  辨析均值 25.1 字
      ! #2 第 1 个干扰项 （trade）与正确释义长度差太多（40%），会变成"最长的那个是答案"
      ! #2 第 2 个干扰项 （trade）与正确释义长度差太多（40%），会变成"最长的那个是答案"
      ! #2 第 3 个干扰项 （trade）与正确释义长度差太多（40%），会变成"最长的那个是答案"
      ! #3 第 1 个干扰项 （market）与正确释义长度差太多（33%），会变成"最长的那个是答案"
      ! #3 第 2 个干扰项 （market）与正确释义长度差太多（33%），会变成"最长的那个是答案"
      ! #3 第 3 个干扰项 （market）与正确释义长度差太多（33%），会变成"最长的那个是答案"
      ! #4 第 1 个干扰项 （industry）与正确释义长度差太多（33%），会变成"最长的那个是答案"
      ! #4 第 2 个干扰项 （industry）与正确释义长度差太多（33%），会变成"最长的那个是答案"
      ! #4 第 3 个干扰项 （industry）与正确释义长度差太多（33%），会变成"最长的那个是答案"
      ! #5 第 1 个干扰项 （merchant）与正确释义长度差太多（38%），会变成"最长的那个是答案"
      ! #5 第 3 个干扰项 （merchant）与正确释义长度差太多（38%），会变成"最长的那个是答案"
      ! #10 第 1 个干扰项 （commercial）与正确释义长度差太多（38%），会变成"最长的那个是答案"
      ! #10 第 2 个干扰项 （commercial）与正确释义长度差太多（38%），会变成"最长的那个是答案"
      ! #17 第 1 个干扰项 （chain）与正确释义长度差太多（33%），会变成"最长的那个是答案"
      ! #17 第 2 个干扰项 （chain）与正确释义长度差太多（33%），会变成"最长的那个是答案"
      ! #17 第 3 个干扰项 （chain）与正确释义长度差太多（33%），会变成"最长的那个是答案"
      ! #18 第 1 个干扰项 （grocery）与正确释义长度差太多（40%），会变成"最长的那个是答案"
      ! #18 第 2 个干扰项 （grocery）与正确释义长度差太多（40%），会变成"最长的那个是答案"
      ! #18 第 3 个干扰项 （grocery）与正确释义长度差太多（40%），会变成"最长的那个是答案"
      ! #20 第 1 个干扰项 （promotion）与正确释义长度差太多（33%），会变成"最长的那个是答案"
      ! #20 第 2 个干扰项 （promotion）与正确释义长度差太多（33%），会变成"最长的那个是答案"
      ! #20 第 3 个干扰项 （promotion）与正确释义长度差太多（33%），会变成"最长的那个是答案"
      ! #23 第 1 个干扰项 （currency）与正确释义长度差太多（33%），会变成"最长的那个是答案"
      ! #23 第 2 个干扰项 （currency）与正确释义长度差太多（33%），会变成"最长的那个是答案"
      ! #23 第 3 个干扰项 （currency）与正确释义长度差太多（33%），会变成"最长的那个是答案"
      ! #28 第 1 个干扰项 （tax）与正确释义长度差太多（40%），会变成"最长的那个是答案"
      ! #28 第 2 个干扰项 （tax）与正确释义长度差太多（40%），会变成"最长的那个是答案"
      ! #28 第 3 个干扰项 （tax）与正确释义长度差太多（40%），会变成"最长的那个是答案"
      ! #31 第 1 个干扰项 （duty）与正确释义长度差太多（33%），会变成"最长的那个是答案"
      ! #31 第 2 个干扰项 （duty）与正确释义长度差太多（33%），会变成"最长的那个是答案"
      ! #31 第 3 个干扰项 （duty）与正确释义长度差太多（33%），会变成"最长的那个是答案"
      ! #32 第 1 个干扰项 （impose）与正确释义长度差太多（33%），会变成"最长的那个是答案"
      ! #32 第 2 个干扰项 （impose）与正确释义长度差太多（33%），会变成"最长的那个是答案"
      ! #32 第 3 个干扰项 （impose）与正确释义长度差太多（33%），会变成"最长的那个是答案"
      ! #34 第 1 个干扰项 （spend）与正确释义长度差太多（40%），会变成"最长的那个是答案"
      ! #34 第 2 个干扰项 （spend）与正确释义长度差太多（40%），会变成"最长的那个是答案"
      ! #34 第 3 个干扰项 （spend）与正确释义长度差太多（40%），会变成"最长的那个是答案"
      ! #40 第 1 个干扰项 （depression）与正确释义长度差太多（40%），会变成"最长的那个是答案"
      ! #40 第 2 个干扰项 （depression）与正确释义长度差太多（40%），会变成"最长的那个是答案"
      ! #40 第 3 个干扰项 （depression）与正确释义长度差太多（40%），会变成"最长的那个是答案"
      ! #50 第 1 个干扰项 （downsize）与正确释义长度差太多（40%），会变成"最长的那个是答案"
      ! #50 第 2 个干扰项 （downsize）与正确释义长度差太多（40%），会变成"最长的那个是答案"
      ! #50 第 3 个干扰项 （downsize）与正确释义长度差太多（40%），会变成"最长的那个是答案"
      ! #52 第 1 个干扰项 （diminish）与正确释义长度差太多（40%），会变成"最长的那个是答案"
      ! #52 第 2 个干扰项 （diminish）与正确释义长度差太多（40%），会变成"最长的那个是答案"
      ! #52 第 3 个干扰项 （diminish）与正确释义长度差太多（40%），会变成"最长的那个是答案"
      ! #58 第 1 个干扰项 （expand）与正确释义长度差太多（33%），会变成"最长的那个是答案"
      ! #58 第 2 个干扰项 （expand）与正确释义长度差太多（33%），会变成"最长的那个是答案"
      ! #58 第 3 个干扰项 （expand）与正确释义长度差太多（33%），会变成"最长的那个是答案"
      ! #62 第 1 个干扰项 （sufficient）与正确释义长度差太多（233%），会变成"最长的那个是答案"
      ! #64 第 1 个干扰项 （spare）与正确释义长度差太多（44%），会变成"最长的那个是答案"
      ! #64 第 2 个干扰项 （spare）与正确释义长度差太多（44%），会变成"最长的那个是答案"
      ! #66 第 1 个干扰项 （redundant）与正确释义长度差太多（43%），会变成"最长的那个是答案"
      ! #67 第 1 个干扰项 （lack）与正确释义长度差太多（43%），会变成"最长的那个是答案"
      ! #69 第 2 个干扰项 （firm）与正确释义长度差太多（36%），会变成"最长的那个是答案"
      ! #84 第 1 个干扰项 （absent）与正确释义长度差太多（33%），会变成"最长的那个是答案"
      ! #84 第 3 个干扰项 （absent）与正确释义长度差太多（33%），会变成"最长的那个是答案"
      ! #85 第 1 个干扰项 （sale）与正确释义长度差太多（33%），会变成"最长的那个是答案"
      ! #85 第 2 个干扰项 （sale）与正确释义长度差太多（33%），会变成"最长的那个是答案"
      ! #89 第 1 个干扰项 （deal）与正确释义长度差太多（43%），会变成"最长的那个是答案"
      ! #90 第 3 个干扰项 （transaction）与正确释义长度差太多（33%），会变成"最长的那个是答案"
      ! #92 第 2 个干扰项 （dump）与正确释义长度差太多（33%），会变成"最长的那个是答案"
      ! #92 第 3 个干扰项 （dump）与正确释义长度差太多（33%），会变成"最长的那个是答案"
      ! #93 第 3 个干扰项 （export）与正确释义长度差太多（44%），会变成"最长的那个是答案"
      ! #94 第 3 个干扰项 （import）与正确释义长度差太多（44%），会变成"最长的那个是答案"
      ! #96 第 1 个干扰项 （share）与正确释义长度差太多（36%），会变成"最长的那个是答案"
      ! #98 第 1 个干扰项 （interest）与正确释义长度差太多（36%），会变成"最长的那个是答案"
      ! #98 第 2 个干扰项 （interest）与正确释义长度差太多（36%），会变成"最长的那个是答案"
      ! #100 第 3 个干扰项 （stock）与正确释义长度差太多（33%），会变成"最长的那个是答案"
      ! #103 第 1 个干扰项 （instalment）与正确释义长度差太多（44%），会变成"最长的那个是答案"
      ! #107 第 3 个干扰项 （shilling）与正确释义长度差太多（250%），会变成"最长的那个是答案"
      ! #109 第 3 个干扰项 （treasure）与正确释义长度差太多（33%），会变成"最长的那个是答案"
      ! #115 第 2 个干扰项 （worthy）与正确释义长度差太多（33%），会变成"最长的那个是答案"
      ! #116 第 1 个干扰项 （valuable）与正确释义长度差太多（36%），会变成"最长的那个是答案"
      ! #116 第 2 个干扰项 （valuable）与正确释义长度差太多（36%），会变成"最长的那个是答案"
      ! #116 第 3 个干扰项 （valuable）与正确释义长度差太多（36%），会变成"最长的那个是答案"
      ! #117 第 2 个干扰项 （cheap）与正确释义长度差太多（38%），会变成"最长的那个是答案"
      ! #123 第 1 个干扰项 （wage）与正确释义长度差太多（44%），会变成"最长的那个是答案"
      ! #129 第 1 个干扰项 （subsidy）与正确释义长度差太多（250%），会变成"最长的那个是答案"
      ! #136 第 1 个干扰项 （vocation）与正确释义长度差太多（43%），会变成"最长的那个是答案"
      ! #136 第 3 个干扰项 （vocation）与正确释义长度差太多（43%），会变成"最长的那个是答案"
      ! #138 第 3 个干扰项 （workforce）与正确释义长度差太多（43%），会变成"最长的那个是答案"
      ! #139 第 1 个干扰项 （workaholic）与正确释义长度差太多（233%），会变成"最长的那个是答案"
      ! #139 第 2 个干扰项 （workaholic）与正确释义长度差太多（233%），会变成"最长的那个是答案"
      ! #142 第 1 个干扰项 （interview）与正确释义长度差太多（33%），会变成"最长的那个是答案"
      ! #143 第 3 个干扰项 （resume）与正确释义长度差太多（40%），会变成"最长的那个是答案"
      ! #148 第 1 个干扰项 （lay-off）与正确释义长度差太多（31%），会变成"最长的那个是答案"
      ! #148 第 2 个干扰项 （lay-off）与正确释义长度差太多（31%），会变成"最长的那个是答案"
      ! #148 第 3 个干扰项 （lay-off）与正确释义长度差太多（31%），会变成"最长的那个是答案"
      ! #156 第 2 个干扰项 （abortion）与正确释义长度差太多（36%），会变成"最长的那个是答案"
      ! #156 第 3 个干扰项 （abortion）与正确释义长度差太多（36%），会变成"最长的那个是答案"
      ! #157 第 1 个干扰项 （loss）与正确释义长度差太多（33%），会变成"最长的那个是答案"
      ! #157 第 2 个干扰项 （loss）与正确释义长度差太多（33%），会变成"最长的那个是答案"
      ! #159 第 2 个干扰项 （chance）与正确释义长度差太多（40%），会变成"最长的那个是答案"
      ! #159 第 3 个干扰项 （chance）与正确释义长度差太多（40%），会变成"最长的那个是答案"
      ! #160 第 2 个干扰项 （choose）与正确释义长度差太多（250%），会变成"最长的那个是答案"
      ! #168 第 1 个干扰项 （sanction）与正确释义长度差太多（33%），会变成"最长的那个是答案"
      ! #168 第 2 个干扰项 （sanction）与正确释义长度差太多（33%），会变成"最长的那个是答案"
      ! #168 第 3 个干扰项 （sanction）与正确释义长度差太多（33%），会变成"最长的那个是答案"
      干扰项类型：同词根 63 / 形近/音近 87 / 词性不同 14 / 近义 182 / 同主题 140 / 反义 27
  ✔ 第 17 章   101/101  词  100%  辨析均值 23.5 字
      ! #3 第 2 个干扰项 （rule）与正确释义长度差太多（40%），会变成"最长的那个是答案"
      ! #8 第 1 个干扰项 （charter）与正确释义长度差太多（40%），会变成"最长的那个是答案"
      ! #8 第 3 个干扰项 （charter）与正确释义长度差太多（40%），会变成"最长的那个是答案"
      ! #9 第 3 个干扰项 （protocol）与正确释义长度差太多（43%），会变成"最长的那个是答案"
      ! #10 第 2 个干扰项 （norm）与正确释义长度差太多（44%），会变成"最长的那个是答案"
      ! #11 第 1 个干扰项 （benchmark）与正确释义长度差太多（40%），会变成"最长的那个是答案"
      ! #16 第 1 个干扰项 （admission）与正确释义长度差太多（44%），会变成"最长的那个是答案"
      ! #16 第 3 个干扰项 （admission）与正确释义长度差太多（44%），会变成"最长的那个是答案"
      ! #18 第 1 个干扰项 （enforce）与正确释义长度差太多（40%），会变成"最长的那个是答案"
      ! #18 第 2 个干扰项 （enforce）与正确释义长度差太多（40%），会变成"最长的那个是答案"
      ! #18 第 3 个干扰项 （enforce）与正确释义长度差太多（40%），会变成"最长的那个是答案"
      ! #25 第 1 个干扰项 （bound）与正确释义长度差太多（43%），会变成"最长的那个是答案"
      ! #25 第 2 个干扰项 （bound）与正确释义长度差太多（43%），会变成"最长的那个是答案"
      ! #25 第 3 个干扰项 （bound）与正确释义长度差太多（43%），会变成"最长的那个是答案"
      ! #55 第 1 个干扰项 （witness）与正确释义长度差太多（44%），会变成"最长的那个是答案"
      ! #55 第 2 个干扰项 （witness）与正确释义长度差太多（44%），会变成"最长的那个是答案"
      ! #55 第 3 个干扰项 （witness）与正确释义长度差太多（44%），会变成"最长的那个是答案"
      ! #62 第 2 个干扰项 （pirate）与正确释义长度差太多（40%），会变成"最长的那个是答案"
      ! #62 第 3 个干扰项 （pirate）与正确释义长度差太多（40%），会变成"最长的那个是答案"
      ! #83 第 1 个干扰项 （mortgage）与正确释义长度差太多（47%），会变成"最长的那个是答案"
      ! #83 第 3 个干扰项 （mortgage）与正确释义长度差太多（47%），会变成"最长的那个是答案"
      ! #85 第 1 个干扰项 （copyright）与正确释义长度差太多（250%），会变成"最长的那个是答案"
      ! #91 第 2 个干扰项 （false）与正确释义长度差太多（40%），会变成"最长的那个是答案"
      ! #94 第 1 个干扰项 （routine）与正确释义长度差太多（33%），会变成"最长的那个是答案"
      ! #94 第 2 个干扰项 （routine）与正确释义长度差太多（33%），会变成"最长的那个是答案"
      ! #94 第 3 个干扰项 （routine）与正确释义长度差太多（33%），会变成"最长的那个是答案"
      ! #95 第 1 个干扰项 （consequence）与正确释义长度差太多（250%），会变成"最长的那个是答案"
      ! #100 第 2 个干扰项 （command）与正确释义长度差太多（31%），会变成"最长的那个是答案"
      ! #100 第 3 个干扰项 （command）与正确释义长度差太多（31%），会变成"最长的那个是答案"
      干扰项类型：同词根 57 / 形近/音近 101 / 词性不同 3 / 近义 96 / 同主题 40 / 反义 6
  ✔ 第 18 章   186/186  词  100%  辨析均值 23.8 字
      ! #9 第 2 个干扰项 （bombard）与正确释义长度差太多（38%），会变成"最长的那个是答案"
      ! #9 第 3 个干扰项 （bombard）与正确释义长度差太多（31%），会变成"最长的那个是答案"
      ! #12 第 1 个干扰项 （burst）与正确释义长度差太多（36%），会变成"最长的那个是答案"
      ! #12 第 2 个干扰项 （burst）与正确释义长度差太多（36%），会变成"最长的那个是答案"
      ! #12 第 3 个干扰项 （burst）与正确释义长度差太多（36%），会变成"最长的那个是答案"
      ! #17 第 2 个干扰项 （blade）与正确释义长度差太多（38%），会变成"最长的那个是答案"
      ! #20 第 2 个干扰项 （hammer）与正确释义长度差太多（43%），会变成"最长的那个是答案"
      ! #23 第 1 个干扰项 （spear）与正确释义长度差太多（44%），会变成"最长的那个是答案"
      ! #23 第 2 个干扰项 （spear）与正确释义长度差太多（44%），会变成"最长的那个是答案"
      ! #23 第 3 个干扰项 （spear）与正确释义长度差太多（44%），会变成"最长的那个是答案"
      ! #30 第 1 个干扰项 （hit）与正确释义长度差太多（36%），会变成"最长的那个是答案"
      ! #30 第 3 个干扰项 （hit）与正确释义长度差太多（36%），会变成"最长的那个是答案"
      ! #32 第 2 个干扰项 （strike）与正确释义长度差太多（36%），会变成"最长的那个是答案"
      ! #32 第 3 个干扰项 （strike）与正确释义长度差太多（36%），会变成"最长的那个是答案"
      ! #34 第 3 个干扰项 （chop）与正确释义长度差太多（43%），会变成"最长的那个是答案"
      ! #35 第 2 个干扰项 （stab）与正确释义长度差太多（40%），会变成"最长的那个是答案"
      ! #38 第 1 个干扰项 （pitfall）与正确释义长度差太多（33%），会变成"最长的那个是答案"
      ! #40 第 1 个干扰项 （destitute）与正确释义长度差太多（45%），会变成"最长的那个是答案"
      ! #40 第 3 个干扰项 （destitute）与正确释义长度差太多（36%），会变成"最长的那个是答案"
      ! #41 第 3 个干扰项 （famine）与正确释义长度差太多（250%），会变成"最长的那个是答案"
      ! #42 第 3 个干扰项 （starve）与正确释义长度差太多（40%），会变成"最长的那个是答案"
      ! #45 第 2 个干扰项 （pursue）与正确释义长度差太多（33%），会变成"最长的那个是答案"
      ! #48 第 1 个干扰项 （aggressive）与正确释义长度差太多（36%），会变成"最长的那个是答案"
      ! #48 第 2 个干扰项 （aggressive）与正确释义长度差太多（36%），会变成"最长的那个是答案"
      ! #49 第 2 个干扰项 （invade）与正确释义长度差太多（33%），会变成"最长的那个是答案"
      ! #50 第 1 个干扰项 （trespass）与正确释义长度差太多（36%），会变成"最长的那个是答案"
      ! #50 第 3 个干扰项 （trespass）与正确释义长度差太多（36%），会变成"最长的那个是答案"
      ! #53 第 2 个干扰项 （violate）与正确释义长度差太多（38%），会变成"最长的那个是答案"
      ! #53 第 3 个干扰项 （violate）与正确释义长度差太多（38%），会变成"最长的那个是答案"
      ! #54 第 1 个干扰项 （assault）与正确释义长度差太多（44%），会变成"最长的那个是答案"
      ! #54 第 2 个干扰项 （assault）与正确释义长度差太多（44%），会变成"最长的那个是答案"
      ! #54 第 3 个干扰项 （assault）与正确释义长度差太多（44%），会变成"最长的那个是答案"
      ! #58 第 1 个干扰项 （enclose）与正确释义长度差太多（44%），会变成"最长的那个是答案"
      ! #58 第 2 个干扰项 （enclose）与正确释义长度差太多（44%），会变成"最长的那个是答案"
      ! #58 第 3 个干扰项 （enclose）与正确释义长度差太多（44%），会变成"最长的那个是答案"
      ! #60 第 1 个干扰项 （halt）与正确释义长度差太多（45%），会变成"最长的那个是答案"
      ! #60 第 2 个干扰项 （halt）与正确释义长度差太多（36%），会变成"最长的那个是答案"
      ! #64 第 3 个干扰项 （counter）与正确释义长度差太多（33%），会变成"最长的那个是答案"
      ! #70 第 3 个干扰项 （betray）与正确释义长度差太多（44%），会变成"最长的那个是答案"
      ! #71 第 3 个干扰项 （treason）与正确释义长度差太多（33%），会变成"最长的那个是答案"
      ! #80 第 2 个干扰项 （terrible）与正确释义长度差太多（40%），会变成"最长的那个是答案"
      ! #81 第 2 个干扰项 （terrific）与正确释义长度差太多（44%），会变成"最长的那个是答案"
      ! #83 第 1 个干扰项 （alarm）与正确释义长度差太多（44%），会变成"最长的那个是答案"
      ! #83 第 2 个干扰项 （alarm）与正确释义长度差太多（44%），会变成"最长的那个是答案"
      ! #85 第 1 个干扰项 （turbulent）与正确释义长度差太多（44%），会变成"最长的那个是答案"
      ! #85 第 2 个干扰项 （turbulent）与正确释义长度差太多（33%），会变成"最长的那个是答案"
      ! #87 第 1 个干扰项 （scenario）与正确释义长度差太多（36%），会变成"最长的那个是答案"
      ! #87 第 2 个干扰项 （scenario）与正确释义长度差太多（36%），会变成"最长的那个是答案"
      ! #91 第 2 个干扰项 （limit）与正确释义长度差太多（43%），会变成"最长的那个是答案"
      ! #94 第 2 个干扰项 （contest）与正确释义长度差太多（45%），会变成"最长的那个是答案"
      ! #94 第 3 个干扰项 （contest）与正确释义长度差太多（36%），会变成"最长的那个是答案"
      ! #96 第 1 个干扰项 （rival）与正确释义长度差太多（44%），会变成"最长的那个是答案"
      ! #96 第 2 个干扰项 （rival）与正确释义长度差太多（33%），会变成"最长的那个是答案"
      ! #96 第 3 个干扰项 （rival）与正确释义长度差太多（44%），会变成"最长的那个是答案"
      ! #106 第 1 个干扰项 （force）与正确释义长度差太多（44%），会变成"最长的那个是答案"
      ! #106 第 2 个干扰项 （force）与正确释义长度差太多（44%），会变成"最长的那个是答案"
      ! #106 第 3 个干扰项 （force）与正确释义长度差太多（44%），会变成"最长的那个是答案"
      ! #113 第 1 个干扰项 （protest）与正确释义长度差太多（44%），会变成"最长的那个是答案"
      ! #113 第 2 个干扰项 （protest）与正确释义长度差太多（44%），会变成"最长的那个是答案"
      ! #113 第 3 个干扰项 （protest）与正确释义长度差太多（44%），会变成"最长的那个是答案"
      ! #114 第 1 个干扰项 （comfort）与正确释义长度差太多（44%），会变成"最长的那个是答案"
      ! #114 第 2 个干扰项 （comfort）与正确释义长度差太多（44%），会变成"最长的那个是答案"
      ! #114 第 3 个干扰项 （comfort）与正确释义长度差太多（44%），会变成"最长的那个是答案"
      ! #131 第 2 个干扰项 （nuclear）与正确释义长度差太多（36%），会变成"最长的那个是答案"
      ! #132 第 1 个干扰项 （poison）与正确释义长度差太多（43%），会变成"最长的那个是答案"
      ! #135 第 2 个干扰项 （adventure）与正确释义长度差太多（33%），会变成"最长的那个是答案"
      ! #135 第 3 个干扰项 （adventure）与正确释义长度差太多（33%），会变成"最长的那个是答案"
      ! #136 第 2 个干扰项 （peril）与正确释义长度差太多（33%），会变成"最长的那个是答案"
      ! #136 第 3 个干扰项 （peril）与正确释义长度差太多（33%），会变成"最长的那个是答案"
      ! #137 第 2 个干扰项 （catastrophe）与正确释义长度差太多（33%），会变成"最长的那个是答案"
      ! #137 第 3 个干扰项 （catastrophe）与正确释义长度差太多（33%），会变成"最长的那个是答案"
      ! #140 第 1 个干扰项 （humiliate）与正确释义长度差太多（40%），会变成"最长的那个是答案"
      ! #140 第 3 个干扰项 （humiliate）与正确释义长度差太多（40%），会变成"最长的那个是答案"
      ! #144 第 3 个干扰项 （disturb）与正确释义长度差太多（43%），会变成"最长的那个是答案"
      ! #148 第 1 个干扰项 （shrink）与正确释义长度差太多（44%），会变成"最长的那个是答案"
      ! #152 第 2 个干扰项 （surrender）与正确释义长度差太多（33%），会变成"最长的那个是答案"
      ! #152 第 3 个干扰项 （surrender）与正确释义长度差太多（33%），会变成"最长的那个是答案"
      ! #153 第 2 个干扰项 （escape）与正确释义长度差太多（33%），会变成"最长的那个是答案"
      ! #155 第 2 个干扰项 （quit）与正确释义长度差太多（38%），会变成"最长的那个是答案"
      ! #156 第 2 个干扰项 （abandon）与正确释义长度差太多（33%），会变成"最长的那个是答案"
      ! #156 第 3 个干扰项 （abandon）与正确释义长度差太多（33%），会变成"最长的那个是答案"
      ! #167 第 2 个干扰项 （conquer）与正确释义长度差太多（33%），会变成"最长的那个是答案"
      ! #167 第 3 个干扰项 （conquer）与正确释义长度差太多（33%），会变成"最长的那个是答案"
      ! #168 第 1 个干扰项 （monument）与正确释义长度差太多（44%），会变成"最长的那个是答案"
      ! #168 第 2 个干扰项 （monument）与正确释义长度差太多（44%），会变成"最长的那个是答案"
      ! #172 第 3 个干扰项 （honour）与正确释义长度差太多（44%），会变成"最长的那个是答案"
      ! #178 第 1 个干扰项 （guard）与正确释义长度差太多（40%），会变成"最长的那个是答案"
      ! #179 第 1 个干扰项 （camouflage）与正确释义长度差太多（250%），会变成"最长的那个是答案"
      ! #180 第 1 个干扰项 （obstacle）与正确释义长度差太多（40%），会变成"最长的那个是答案"
      ! #180 第 2 个干扰项 （obstacle）与正确释义长度差太多（40%），会变成"最长的那个是答案"
      ! #182 第 1 个干扰项 （spy）与正确释义长度差太多（40%），会变成"最长的那个是答案"
      ! #183 第 1 个干扰项 （general）与正确释义长度差太多（36%），会变成"最长的那个是答案"
      ! #186 第 1 个干扰项 （scout）与正确释义长度差太多（36%），会变成"最长的那个是答案"
      干扰项类型：同词根 86 / 形近/音近 229 / 词性不同 8 / 近义 181 / 同主题 20 / 反义 34
  ✔ 第 19 章   124/124  词  100%  辨析均值 24.8 字
      ! #2 第 3 个干扰项 （prophet）与正确释义长度差太多（40%），会变成"最长的那个是答案"
      ! #3 第 1 个干扰项 （herald）与正确释义长度差太多（43%），会变成"最长的那个是答案"
      ! #3 第 2 个干扰项 （herald）与正确释义长度差太多（43%），会变成"最长的那个是答案"
      ! #4 第 3 个干扰项 （heir）与正确释义长度差太多（40%），会变成"最长的那个是答案"
      ! #16 第 1 个干扰项 （gay）与正确释义长度差太多（43%），会变成"最长的那个是答案"
      ! #16 第 2 个干扰项 （gay）与正确释义长度差太多（43%），会变成"最长的那个是答案"
      ! #18 第 1 个干扰项 （niece）与正确释义长度差太多（40%），会变成"最长的那个是答案"
      ! #18 第 2 个干扰项 （niece）与正确释义长度差太多（40%），会变成"最长的那个是答案"
      ! #20 第 2 个干扰项 （twin）与正确释义长度差太多（40%），会变成"最长的那个是答案"
      ! #21 第 2 个干扰项 （grandfather）与正确释义长度差太多（40%），会变成"最长的那个是答案"
      ! #21 第 3 个干扰项 （grandfather）与正确释义长度差太多（40%），会变成"最长的那个是答案"
      ! #22 第 2 个干扰项 （grandmother）与正确释义长度差太多（40%），会变成"最长的那个是答案"
      ! #22 第 3 个干扰项 （grandmother）与正确释义长度差太多（40%），会变成"最长的那个是答案"
      ! #23 第 2 个干扰项 （grandchild）与正确释义长度差太多（43%），会变成"最长的那个是答案"
      ! #25 第 2 个干扰项 （granddaughter）与正确释义长度差太多（40%），会变成"最长的那个是答案"
      ! #25 第 3 个干扰项 （granddaughter）与正确释义长度差太多（40%），会变成"最长的那个是答案"
      ! #28 第 2 个干扰项 （sister-in-law）与正确释义长度差太多（42%），会变成"最长的那个是答案"
      ! #29 第 1 个干扰项 （brother-in-law）与正确释义长度差太多（42%），会变成"最长的那个是答案"
      ! #33 第 1 个干扰项 （infant）与正确释义长度差太多（40%），会变成"最长的那个是答案"
      ! #33 第 3 个干扰项 （infant）与正确释义长度差太多（40%），会变成"最长的那个是答案"
      ! #36 第 2 个干扰项 （youngster）与正确释义长度差太多（40%），会变成"最长的那个是答案"
      ! #36 第 3 个干扰项 （youngster）与正确释义长度差太多（40%），会变成"最长的那个是答案"
      ! #39 第 2 个干扰项 （teenager）与正确释义长度差太多（40%），会变成"最长的那个是答案"
      ! #40 第 1 个干扰项 （gang）与正确释义长度差太多（40%），会变成"最长的那个是答案"
      ! #40 第 2 个干扰项 （gang）与正确释义长度差太多（40%），会变成"最长的那个是答案"
      ! #45 第 1 个干扰项 （intimate）与正确释义长度差太多（46%），会变成"最长的那个是答案"
      ! #45 第 2 个干扰项 （intimate）与正确释义长度差太多（46%），会变成"最长的那个是答案"
      ! #53 第 3 个干扰项 （mistress）与正确释义长度差太多（40%），会变成"最长的那个是答案"
      ! #59 第 2 个干扰项 （chore）与正确释义长度差太多（44%），会变成"最长的那个是答案"
      ! #59 第 3 个干扰项 （chore）与正确释义长度差太多（44%），会变成"最长的那个是答案"
      ! #62 第 1 个干扰项 （guest）与正确释义长度差太多（250%），会变成"最长的那个是答案"
      ! #63 第 1 个干扰项 （customer）与正确释义长度差太多（250%），会变成"最长的那个是答案"
      ! #85 第 1 个干扰项 （neighbourhood）与正确释义长度差太多（40%），会变成"最长的那个是答案"
      ! #88 第 3 个干扰项 （boss）与正确释义长度差太多（250%），会变成"最长的那个是答案"
      ! #89 第 2 个干扰项 （manager）与正确释义长度差太多（250%），会变成"最长的那个是答案"
      ! #101 第 2 个干扰项 （deputy）与正确释义长度差太多（40%），会变成"最长的那个是答案"
      ! #108 第 2 个干扰项 （actor）与正确释义长度差太多（250%），会变成"最长的那个是答案"
      ! #109 第 2 个干扰项 （actress）与正确释义长度差太多（233%），会变成"最长的那个是答案"
      ! #120 第 1 个干扰项 （hostage）与正确释义长度差太多（250%），会变成"最长的那个是答案"
      ! #122 第 2 个干扰项 （beggar）与正确释义长度差太多（250%），会变成"最长的那个是答案"
      干扰项类型：同词根 78 / 形近/音近 84 / 词性不同 10 / 近义 146 / 同主题 32 / 反义 22
  ✔ 第 20 章   268/268  词  100%  辨析均值 23.2 字
      ! #10 第 1 个干扰项 （nourish）与正确释义长度差太多（44%），会变成"最长的那个是答案"
      ! #10 第 3 个干扰项 （nourish）与正确释义长度差太多（44%），会变成"最长的那个是答案"
      ! #14 第 1 个干扰项 （intake）与正确释义长度差太多（44%），会变成"最长的那个是答案"
      ! #14 第 2 个干扰项 （intake）与正确释义长度差太多（44%），会变成"最长的那个是答案"
      ! #14 第 3 个干扰项 （intake）与正确释义长度差太多（44%），会变成"最长的那个是答案"
      ! #15 第 1 个干扰项 （revive）与正确释义长度差太多（44%），会变成"最长的那个是答案"
      ! #15 第 2 个干扰项 （revive）与正确释义长度差太多（44%），会变成"最长的那个是答案"
      ! #15 第 3 个干扰项 （revive）与正确释义长度差太多（44%），会变成"最长的那个是答案"
      ! #17 第 1 个干扰项 （glare）与正确释义长度差太多（40%），会变成"最长的那个是答案"
      ! #17 第 2 个干扰项 （glare）与正确释义长度差太多（40%），会变成"最长的那个是答案"
      ! #19 第 3 个干扰项 （glance）与正确释义长度差太多（44%），会变成"最长的那个是答案"
      ! #20 第 3 个干扰项 （peep）与正确释义长度差太多（44%），会变成"最长的那个是答案"
      ! #22 第 2 个干扰项 （peer）与正确释义长度差太多（43%），会变成"最长的那个是答案"
      ! #23 第 2 个干扰项 （stare）与正确释义长度差太多（40%），会变成"最长的那个是答案"
      ! #28 第 3 个干扰项 （whistle）与正确释义长度差太多（43%），会变成"最长的那个是答案"
      ! #37 第 2 个干扰项 （hurry）与正确释义长度差太多（43%），会变成"最长的那个是答案"
      ! #41 第 2 个干扰项 （curse）与正确释义长度差太多（40%），会变成"最长的那个是答案"
      ! #41 第 3 个干扰项 （curse）与正确释义长度差太多（40%），会变成"最长的那个是答案"
      ! #47 第 2 个干扰项 （mock）与正确释义长度差太多（46%），会变成"最长的那个是答案"
      ! #55 第 1 个干扰项 （overtake）与正确释义长度差太多（44%），会变成"最长的那个是答案"
      ! #55 第 2 个干扰项 （overtake）与正确释义长度差太多（44%），会变成"最长的那个是答案"
      ! #55 第 3 个干扰项 （overtake）与正确释义长度差太多（44%），会变成"最长的那个是答案"
      ! #56 第 3 个干扰项 （follow）与正确释义长度差太多（42%），会变成"最长的那个是答案"
      ! #57 第 1 个干扰项 （grip）与正确释义长度差太多（44%），会变成"最长的那个是答案"
      ! #57 第 2 个干扰项 （grip）与正确释义长度差太多（44%），会变成"最长的那个是答案"
      ! #57 第 3 个干扰项 （grip）与正确释义长度差太多（44%），会变成"最长的那个是答案"
      ! #67 第 1 个干扰项 （smash）与正确释义长度差太多（42%），会变成"最长的那个是答案"
      ! #69 第 1 个干扰项 （wipe）与正确释义长度差太多（233%），会变成"最长的那个是答案"
      ! #70 第 1 个干扰项 （scrape）与正确释义长度差太多（42%），会变成"最长的那个是答案"
      ! #71 第 1 个干扰项 （polish）与正确释义长度差太多（44%），会变成"最长的那个是答案"
      ! #71 第 2 个干扰项 （polish）与正确释义长度差太多（44%），会变成"最长的那个是答案"
      ! #73 第 2 个干扰项 （split）与正确释义长度差太多（44%），会变成"最长的那个是答案"
      ! #75 第 2 个干扰项 （shake）与正确释义长度差太多（40%），会变成"最长的那个是答案"
      ! #75 第 3 个干扰项 （shake）与正确释义长度差太多（40%），会变成"最长的那个是答案"
      ! #80 第 2 个干扰项 （shuffle）与正确释义长度差太多（44%），会变成"最长的那个是答案"
      ! #83 第 1 个干扰项 （connect）与正确释义长度差太多（44%），会变成"最长的那个是答案"
      ! #83 第 2 个干扰项 （connect）与正确释义长度差太多（44%），会变成"最长的那个是答案"
      ! #92 第 2 个干扰项 （tow）与正确释义长度差太多（43%），会变成"最长的那个是答案"
      ! #93 第 1 个干扰项 （trail）与正确释义长度差太多（40%），会变成"最长的那个是答案"
      ! #93 第 2 个干扰项 （trail）与正确释义长度差太多（40%），会变成"最长的那个是答案"
      ! #93 第 3 个干扰项 （trail）与正确释义长度差太多（40%），会变成"最长的那个是答案"
      ! #96 第 2 个干扰项 （steer）与正确释义长度差太多（45%），会变成"最长的那个是答案"
      ! #97 第 1 个干扰项 （baptise）与正确释义长度差太多（40%），会变成"最长的那个是答案"
      ! #97 第 2 个干扰项 （baptise）与正确释义长度差太多（40%），会变成"最长的那个是答案"
      ! #97 第 3 个干扰项 （baptise）与正确释义长度差太多（40%），会变成"最长的那个是答案"
      ! #99 第 2 个干扰项 （stake）与正确释义长度差太多（44%），会变成"最长的那个是答案"
      ! #105 第 2 个干扰项 （nightmare）与正确释义长度差太多（225%），会变成"最长的那个是答案"
      ! #107 第 3 个干扰项 （marvel）与正确释义长度差太多（45%），会变成"最长的那个是答案"
      ! #111 第 1 个干扰项 （upset）与正确释义长度差太多（42%），会变成"最长的那个是答案"
      ! #113 第 2 个干扰项 （irony）与正确释义长度差太多（40%），会变成"最长的那个是答案"
      ! #113 第 3 个干扰项 （irony）与正确释义长度差太多（40%），会变成"最长的那个是答案"
      ! #117 第 1 个干扰项 （disregard）与正确释义长度差太多（44%），会变成"最长的那个是答案"
      ! #117 第 2 个干扰项 （disregard）与正确释义长度差太多（44%），会变成"最长的那个是答案"
      ! #117 第 3 个干扰项 （disregard）与正确释义长度差太多（44%），会变成"最长的那个是答案"
      ! #119 第 3 个干扰项 （bias）与正确释义长度差太多（42%），会变成"最长的那个是答案"
      ! #123 第 1 个干扰项 （bully）与正确释义长度差太多（40%），会变成"最长的那个是答案"
      ! #123 第 2 个干扰项 （bully）与正确释义长度差太多（40%），会变成"最长的那个是答案"
      ! #123 第 3 个干扰项 （bully）与正确释义长度差太多（40%），会变成"最长的那个是答案"
      ! #124 第 2 个干扰项 （panic）与正确释义长度差太多（45%），会变成"最长的那个是答案"
      ! #126 第 2 个干扰项 （revenge）与正确释义长度差太多（40%），会变成"最长的那个是答案"
      ! #126 第 3 个干扰项 （revenge）与正确释义长度差太多（40%），会变成"最长的那个是答案"
      ! #130 第 1 个干扰项 （convict）与正确释义长度差太多（42%），会变成"最长的那个是答案"
      ! #133 第 1 个干扰项 （decimation）与正确释义长度差太多（42%），会变成"最长的那个是答案"
      ! #137 第 2 个干扰项 （bait）与正确释义长度差太多（45%），会变成"最长的那个是答案"
      ! #137 第 3 个干扰项 （bait）与正确释义长度差太多（45%），会变成"最长的那个是答案"
      ! #146 第 2 个干扰项 （disguise）与正确释义长度差太多（42%），会变成"最长的那个是答案"
      ! #149 第 1 个干扰项 （exclude）与正确释义长度差太多（44%），会变成"最长的那个是答案"
      ! #149 第 2 个干扰项 （exclude）与正确释义长度差太多（44%），会变成"最长的那个是答案"
      ! #149 第 3 个干扰项 （exclude）与正确释义长度差太多（44%），会变成"最长的那个是答案"
      ! #150 第 1 个干扰项 （reverse）与正确释义长度差太多（41%），会变成"最长的那个是答案"
      ! #151 第 1 个干扰项 （assure）与正确释义长度差太多（44%），会变成"最长的那个是答案"
      ! #151 第 3 个干扰项 （assure）与正确释义长度差太多（44%），会变成"最长的那个是答案"
      ! #156 第 1 个干扰项 （wish）与正确释义长度差太多（44%），会变成"最长的那个是答案"
      ! #156 第 3 个干扰项 （wish）与正确释义长度差太多（44%），会变成"最长的那个是答案"
      ! #157 第 2 个干扰项 （aspire）与正确释义长度差太多（40%），会变成"最长的那个是答案"
      ! #158 第 1 个干扰项 （desire）与正确释义长度差太多（44%），会变成"最长的那个是答案"
      ! #158 第 3 个干扰项 （desire）与正确释义长度差太多（44%），会变成"最长的那个是答案"
      ! #162 第 1 个干扰项 （attempt）与正确释义长度差太多（44%），会变成"最长的那个是答案"
      ! #162 第 2 个干扰项 （attempt）与正确释义长度差太多（44%），会变成"最长的那个是答案"
      ! #162 第 3 个干扰项 （attempt）与正确释义长度差太多（44%），会变成"最长的那个是答案"
      ! #167 第 1 个干扰项 （sort）与正确释义长度差太多（40%），会变成"最长的那个是答案"
      ! #167 第 2 个干扰项 （sort）与正确释义长度差太多（40%），会变成"最长的那个是答案"
      ! #167 第 3 个干扰项 （sort）与正确释义长度差太多（40%），会变成"最长的那个是答案"
      ! #168 第 1 个干扰项 （loom）与正确释义长度差太多（47%），会变成"最长的那个是答案"
      ! #168 第 3 个干扰项 （loom）与正确释义长度差太多（47%），会变成"最长的那个是答案"
      ! #173 第 1 个干扰项 （conduct）与正确释义长度差太多（44%），会变成"最长的那个是答案"
      ! #173 第 2 个干扰项 （conduct）与正确释义长度差太多（44%），会变成"最长的那个是答案"
      ! #173 第 3 个干扰项 （conduct）与正确释义长度差太多（44%），会变成"最长的那个是答案"
      ! #179 第 3 个干扰项 （tackle）与正确释义长度差太多（45%），会变成"最长的那个是答案"
      ! #181 第 1 个干扰项 （clear）与正确释义长度差太多（44%），会变成"最长的那个是答案"
      ! #181 第 3 个干扰项 （clear）与正确释义长度差太多（44%），会变成"最长的那个是答案"
      ! #192 第 1 个干扰项 （gain）与正确释义长度差太多（44%），会变成"最长的那个是答案"
      ! #192 第 2 个干扰项 （gain）与正确释义长度差太多（44%），会变成"最长的那个是答案"
      ! #192 第 3 个干扰项 （gain）与正确释义长度差太多（44%），会变成"最长的那个是答案"
      ! #193 第 2 个干扰项 （supply）与正确释义长度差太多（48%），会变成"最长的那个是答案"
      ! #194 第 2 个干扰项 （offer）与正确释义长度差太多（40%），会变成"最长的那个是答案"
      ! #206 第 1 个干扰项 （raise）与正确释义长度差太多（40%），会变成"最长的那个是答案"
      ! #206 第 2 个干扰项 （raise）与正确释义长度差太多（40%），会变成"最长的那个是答案"
      ! #206 第 3 个干扰项 （raise）与正确释义长度差太多（40%），会变成"最长的那个是答案"
      ! #207 第 1 个干扰项 （leak）与正确释义长度差太多（43%），会变成"最长的那个是答案"
      ! #210 第 2 个干扰项 （ooze）与正确释义长度差太多（40%），会变成"最长的那个是答案"
      ! #212 第 1 个干扰项 （trench）与正确释义长度差太多（40%），会变成"最长的那个是答案"
      ! #212 第 2 个干扰项 （trench）与正确释义长度差太多（40%），会变成"最长的那个是答案"
      ! #212 第 3 个干扰项 （trench）与正确释义长度差太多（40%），会变成"最长的那个是答案"
      ! #218 第 1 个干扰项 （flatter）与正确释义长度差太多（44%），会变成"最长的那个是答案"
      ! #218 第 2 个干扰项 （flatter）与正确释义长度差太多（44%），会变成"最长的那个是答案"
      ! #219 第 3 个干扰项 （worship）与正确释义长度差太多（44%），会变成"最长的那个是答案"
      ! #223 第 2 个干扰项 （objective）与正确释义长度差太多（40%），会变成"最长的那个是答案"
      ! #223 第 3 个干扰项 （objective）与正确释义长度差太多（40%），会变成"最长的那个是答案"
      ! #225 第 1 个干扰项 （trigger）与正确释义长度差太多（40%），会变成"最长的那个是答案"
      ! #225 第 3 个干扰项 （trigger）与正确释义长度差太多（40%），会变成"最长的那个是答案"
      ! #245 第 3 个干扰项 （bless）与正确释义长度差太多（45%），会变成"最长的那个是答案"
      ! #247 第 1 个干扰项 （farewell）与正确释义长度差太多（40%），会变成"最长的那个是答案"
      ! #248 第 1 个干扰项 （assort）与正确释义长度差太多（44%），会变成"最长的那个是答案"
      ! #248 第 2 个干扰项 （assort）与正确释义长度差太多（44%），会变成"最长的那个是答案"
      ! #248 第 3 个干扰项 （assort）与正确释义长度差太多（44%），会变成"最长的那个是答案"
      ! #250 第 2 个干扰项 （accord）与正确释义长度差太多（40%），会变成"最长的那个是答案"
      ! #250 第 3 个干扰项 （accord）与正确释义长度差太多（40%），会变成"最长的那个是答案"
      ! #251 第 3 个干扰项 （attribute）与正确释义长度差太多（45%），会变成"最长的那个是答案"
      ! #256 第 2 个干扰项 （repeat）与正确释义长度差太多（40%），会变成"最长的那个是答案"
      ! #256 第 3 个干扰项 （repeat）与正确释义长度差太多（40%），会变成"最长的那个是答案"
      ! #258 第 1 个干扰项 （impress）与正确释义长度差太多（40%），会变成"最长的那个是答案"
      ! #258 第 2 个干扰项 （impress）与正确释义长度差太多（40%），会变成"最长的那个是答案"
      ! #258 第 3 个干扰项 （impress）与正确释义长度差太多（40%），会变成"最长的那个是答案"
      ! #263 第 2 个干扰项 （distinguish）与正确释义长度差太多（40%），会变成"最长的那个是答案"
      ! #265 第 1 个干扰项 （substitute）与正确释义长度差太多（43%），会变成"最长的那个是答案"
      ! #266 第 3 个干扰项 （incline）与正确释义长度差太多（42%），会变成"最长的那个是答案"
      ! #267 第 1 个干扰项 （lean）与正确释义长度差太多（46%），会变成"最长的那个是答案"
      ! #267 第 2 个干扰项 （lean）与正确释义长度差太多（46%），会变成"最长的那个是答案"
      干扰项类型：同词根 90 / 形近/音近 373 / 词性不同 1 / 近义 294 / 同主题 23 / 反义 23
  ✔ 第 21 章   417/417  词  100%  辨析均值 23.3 字
      ! #11 第 2 个干扰项 （feature）与正确释义长度差太多（46%），会变成"最长的那个是答案"
      ! #15 第 2 个干扰项 （human）与正确释义长度差太多（40%），会变成"最长的那个是答案"
      ! #15 第 3 个干扰项 （human）与正确释义长度差太多（40%），会变成"最长的那个是答案"
      ! #19 第 3 个干扰项 （brain）与正确释义长度差太多（43%），会变成"最长的那个是答案"
      ! #20 第 3 个干扰项 （mind）与正确释义长度差太多（46%），会变成"最长的那个是答案"
      ! #21 第 3 个干扰项 （physical）与正确释义长度差太多（44%），会变成"最长的那个是答案"
      ! #22 第 2 个干扰项 （mental）与正确释义长度差太多（40%），会变成"最长的那个是答案"
      ! #25 第 3 个干扰项 （brow）与正确释义长度差太多（225%），会变成"最长的那个是答案"
      ! #28 第 1 个干扰项 （lip）与正确释义长度差太多（40%），会变成"最长的那个是答案"
      ! #33 第 2 个干扰项 （chin）与正确释义长度差太多（250%），会变成"最长的那个是答案"
      ! #34 第 1 个干扰项 （jaw）与正确释义长度差太多（44%），会变成"最长的那个是答案"
      ! #39 第 1 个干扰项 （elbow）与正确释义长度差太多（40%），会变成"最长的那个是答案"
      ! #43 第 2 个干扰项 （finger）与正确释义长度差太多（250%），会变成"最长的那个是答案"
      ! #50 第 1 个干扰项 （liver）与正确释义长度差太多（250%），会变成"最长的那个是答案"
      ! #62 第 1 个干扰项 （lap）与正确释义长度差太多（43%），会变成"最长的那个是答案"
      ! #62 第 2 个干扰项 （lap）与正确释义长度差太多（43%），会变成"最长的那个是答案"
      ! #70 第 2 个干扰项 （hormone）与正确释义长度差太多（40%），会变成"最长的那个是答案"
      ! #72 第 2 个干扰项 （stimulus）与正确释义长度差太多（43%），会变成"最长的那个是答案"
      ! #81 第 1 个干扰项 （visible）与正确释义长度差太多（43%），会变成"最长的那个是答案"
      ! #81 第 2 个干扰项 （visible）与正确释义长度差太多（43%），会变成"最长的那个是答案"
      ! #81 第 3 个干扰项 （visible）与正确释义长度差太多（43%），会变成"最长的那个是答案"
      ! #83 第 1 个干扰项 （blind）与正确释义长度差太多（44%），会变成"最长的那个是答案"
      ! #84 第 3 个干扰项 （dumb）与正确释义长度差太多（43%），会变成"最长的那个是答案"
      ! #85 第 3 个干扰项 （aural）与正确释义长度差太多（40%），会变成"最长的那个是答案"
      ! #86 第 1 个干扰项 （dental）与正确释义长度差太多（40%），会变成"最长的那个是答案"
      ! #90 第 2 个干扰项 （doze）与正确释义长度差太多（40%），会变成"最长的那个是答案"
      ! #90 第 3 个干扰项 （doze）与正确释义长度差太多（40%），会变成"最长的那个是答案"
      ! #91 第 2 个干扰项 （quiet）与正确释义长度差太多（44%），会变成"最长的那个是答案"
      ! #92 第 3 个干扰项 （asleep）与正确释义长度差太多（40%），会变成"最长的那个是答案"
      ! #95 第 2 个干扰项 （dwarf）与正确释义长度差太多（40%），会变成"最长的那个是答案"
      ! #95 第 3 个干扰项 （dwarf）与正确释义长度差太多（47%），会变成"最长的那个是答案"
      ! #98 第 1 个干扰项 （born）与正确释义长度差太多（46%），会变成"最长的那个是答案"
      ! #101 第 1 个干扰项 （clone）与正确释义长度差太多（40%），会变成"最长的那个是答案"
      ! #102 第 1 个干扰项 （detriment）与正确释义长度差太多（40%），会变成"最长的那个是答案"
      ! #102 第 3 个干扰项 （detriment）与正确释义长度差太多（40%），会变成"最长的那个是答案"
      ! #108 第 1 个干扰项 （invalid）与正确释义长度差太多（40%），会变成"最长的那个是答案"
      ! #108 第 2 个干扰项 （invalid）与正确释义长度差太多（47%），会变成"最长的那个是答案"
      ! #109 第 1 个干扰项 （patient）与正确释义长度差太多（46%），会变成"最长的那个是答案"
      ! #109 第 3 个干扰项 （patient）与正确释义长度差太多（46%），会变成"最长的那个是答案"
      ! #112 第 1 个干扰项 （obesity）与正确释义长度差太多（43%），会变成"最长的那个是答案"
      ! #112 第 3 个干扰项 （obesity）与正确释义长度差太多（43%），会变成"最长的那个是答案"
      ! #113 第 3 个干扰项 （overweight）与正确释义长度差太多（41%），会变成"最长的那个是答案"
      ! #118 第 2 个干扰项 （insomnia）与正确释义长度差太多（40%），会变成"最长的那个是答案"
      ! #118 第 3 个干扰项 （insomnia）与正确释义长度差太多（40%），会变成"最长的那个是答案"
      ! #120 第 2 个干扰项 （heart attack）与正确释义长度差太多（40%），会变成"最长的那个是答案"
      ! #120 第 3 个干扰项 （heart attack）与正确释义长度差太多（40%），会变成"最长的那个是答案"
      ! #126 第 2 个干扰项 （flu）与正确释义长度差太多（40%），会变成"最长的那个是答案"
      ! #126 第 3 个干扰项 （flu）与正确释义长度差太多（40%），会变成"最长的那个是答案"
      ! #127 第 1 个干扰项 （fever）与正确释义长度差太多（46%），会变成"最长的那个是答案"
      ! #127 第 2 个干扰项 （fever）与正确释义长度差太多（46%），会变成"最长的那个是答案"
      ! #129 第 3 个干扰项 （swell）与正确释义长度差太多（43%），会变成"最长的那个是答案"
      ! #131 第 3 个干扰项 （injure）与正确释义长度差太多（44%），会变成"最长的那个是答案"
      ! #134 第 2 个干扰项 （bleed）与正确释义长度差太多（46%），会变成"最长的那个是答案"
      ! #134 第 3 个干扰项 （bleed）与正确释义长度差太多（46%），会变成"最长的那个是答案"
      ! #135 第 2 个干扰项 （bruise）与正确释义长度差太多（43%），会变成"最长的那个是答案"
      ! #138 第 1 个干扰项 （trauma）与正确释义长度差太多（47%），会变成"最长的那个是答案"
      ! #138 第 2 个干扰项 （trauma）与正确释义长度差太多（47%），会变成"最长的那个是答案"
      ! #138 第 3 个干扰项 （trauma）与正确释义长度差太多（40%），会变成"最长的那个是答案"
      ! #141 第 1 个干扰项 （death）与正确释义长度差太多（40%），会变成"最长的那个是答案"
      ! #141 第 3 个干扰项 （death）与正确释义长度差太多（40%），会变成"最长的那个是答案"
      ! #142 第 3 个干扰项 （mortal）与正确释义长度差太多（45%），会变成"最长的那个是答案"
      ! #143 第 1 个干扰项 （demise）与正确释义长度差太多（47%），会变成"最长的那个是答案"
      ! #144 第 3 个干扰项 （doom）与正确释义长度差太多（43%），会变成"最长的那个是答案"
      ! #148 第 1 个干扰项 （overwork）与正确释义长度差太多（43%），会变成"最长的那个是答案"
      ! #149 第 3 个干扰项 （tire）与正确释义长度差太多（43%），会变成"最长的那个是答案"
      ! #150 第 2 个干扰项 （exhaust）与正确释义长度差太多（44%），会变成"最长的那个是答案"
      ! #153 第 3 个干扰项 （feeble）与正确释义长度差太多（44%），会变成"最长的那个是答案"
      ! #154 第 1 个干扰项 （weary）与正确释义长度差太多（233%），会变成"最长的那个是答案"
      ! #155 第 2 个干扰项 （weaken）与正确释义长度差太多（214%），会变成"最长的那个是答案"
      ! #157 第 1 个干扰项 （unconscious）与正确释义长度差太多（44%），会变成"最长的那个是答案"
      ! #160 第 1 个干扰项 （sore）与正确释义长度差太多（44%），会变成"最长的那个是答案"
      ! #176 第 1 个干扰项 （cure）与正确释义长度差太多（44%），会变成"最长的那个是答案"
      ! #176 第 2 个干扰项 （cure）与正确释义长度差太多（44%），会变成"最长的那个是答案"
      ! #182 第 1 个干扰项 （X-ray）与正确释义长度差太多（43%），会变成"最长的那个是答案"
      ! #182 第 3 个干扰项 （X-ray）与正确释义长度差太多（48%），会变成"最长的那个是答案"
      ! #183 第 1 个干扰项 （injection）与正确释义长度差太多（44%），会变成"最长的那个是答案"
      ! #183 第 3 个干扰项 （injection）与正确释义长度差太多（44%），会变成"最长的那个是答案"
      ! #186 第 2 个干扰项 （quarantine）与正确释义长度差太多（40%），会变成"最长的那个是答案"
      ! #186 第 3 个干扰项 （quarantine）与正确释义长度差太多（40%），会变成"最长的那个是答案"
      ! #187 第 3 个干扰项 （segregate）与正确释义长度差太多（250%），会变成"最长的那个是答案"
      ! #188 第 1 个干扰项 （isolate）与正确释义长度差太多（44%），会变成"最长的那个是答案"
      ! #191 第 2 个干扰项 （remedy）与正确释义长度差太多（44%），会变成"最长的那个是答案"
      ! #198 第 1 个干扰项 （dose）与正确释义长度差太多（44%），会变成"最长的那个是答案"
      ! #198 第 2 个干扰项 （dose）与正确释义长度差太多（44%），会变成"最长的那个是答案"
      ! #200 第 2 个干扰项 （refresh）与正确释义长度差太多（40%），会变成"最长的那个是答案"
      ! #204 第 1 个干扰项 （resume）与正确释义长度差太多（44%），会变成"最长的那个是答案"
      ! #206 第 2 个干扰项 （relax）与正确释义长度差太多（250%），会变成"最长的那个是答案"
      ! #222 第 1 个干扰项 （fun）与正确释义长度差太多（40%），会变成"最长的那个是答案"
      ! #222 第 2 个干扰项 （fun）与正确释义长度差太多（40%），会变成"最长的那个是答案"
      ! #222 第 3 个干扰项 （fun）与正确释义长度差太多（40%），会变成"最长的那个是答案"
      ! #223 第 3 个干扰项 （joke）与正确释义长度差太多（45%），会变成"最长的那个是答案"
      ! #226 第 3 个干扰项 （please）与正确释义长度差太多（44%），会变成"最长的那个是答案"
      ! #228 第 3 个干扰项 （thrill）与正确释义长度差太多（40%），会变成"最长的那个是答案"
      ! #235 第 2 个干扰项 （exciting）与正确释义长度差太多（40%），会变成"最长的那个是答案"
      ! #236 第 1 个干扰项 （keen）与正确释义长度差太多（47%），会变成"最长的那个是答案"
      ! #236 第 3 个干扰项 （keen）与正确释义长度差太多（47%），会变成"最长的那个是答案"
      ! #238 第 3 个干扰项 （lively）与正确释义长度差太多（45%），会变成"最长的那个是答案"
      ! #246 第 2 个干扰项 （hectic）与正确释义长度差太多（45%），会变成"最长的那个是答案"
      ! #249 第 2 个干扰项 （gentle）与正确释义长度差太多（43%），会变成"最长的那个是答案"
      ! #249 第 3 个干扰项 （gentle）与正确释义长度差太多（43%），会变成"最长的那个是答案"
      ! #251 第 1 个干扰项 （curious）与正确释义长度差太多（43%），会变成"最长的那个是答案"
      ! #251 第 2 个干扰项 （curious）与正确释义长度差太多（43%），会变成"最长的那个是答案"
      ! #254 第 2 个干扰项 （humorous）与正确释义长度差太多（44%），会变成"最长的那个是答案"
      ! #257 第 1 个干扰项 （daring）与正确释义长度差太多（233%），会变成"最长的那个是答案"
      ! #268 第 2 个干扰项 （romantic）与正确释义长度差太多（40%），会变成"最长的那个是答案"
      ! #269 第 2 个干扰项 （freedom）与正确释义长度差太多（233%），会变成"最长的那个是答案"
      ! #270 第 2 个干扰项 （careful）与正确释义长度差太多（42%），会变成"最长的那个是答案"
      ! #274 第 2 个干扰项 （thoughtful）与正确释义长度差太多（46%），会变成"最长的那个是答案"
      ! #276 第 1 个干扰项 （ready）与正确释义长度差太多（43%），会变成"最长的那个是答案"
      ! #287 第 1 个干扰项 （promising）与正确释义长度差太多（44%），会变成"最长的那个是答案"
      ! #291 第 1 个干扰项 （tough）与正确释义长度差太多（43%），会变成"最长的那个是答案"
      ! #291 第 2 个干扰项 （tough）与正确释义长度差太多（43%），会变成"最长的那个是答案"
      ! #294 第 3 个干扰项 （steadfast）与正确释义长度差太多（233%），会变成"最长的那个是答案"
      ! #296 第 2 个干扰项 （temperate）与正确释义长度差太多（41%），会变成"最长的那个是答案"
      ! #302 第 2 个干扰项 （liable）与正确释义长度差太多（46%），会变成"最长的那个是答案"
      ! #304 第 2 个干扰项 （enterprising）与正确释义长度差太多（43%），会变成"最长的那个是答案"
      ! #311 第 2 个干扰项 （resemble）与正确释义长度差太多（43%），会变成"最长的那个是答案"
      ! #317 第 2 个干扰项 （intuition）与正确释义长度差太多（250%），会变成"最长的那个是答案"
      ! #318 第 1 个干扰项 （spontaneous）与正确释义长度差太多（43%），会变成"最长的那个是答案"
      ! #318 第 2 个干扰项 （spontaneous）与正确释义长度差太多（43%），会变成"最长的那个是答案"
      ! #319 第 1 个干扰项 （implicit）与正确释义长度差太多（43%），会变成"最长的那个是答案"
      ! #319 第 2 个干扰项 （implicit）与正确释义长度差太多（43%），会变成"最长的那个是答案"
      ! #319 第 3 个干扰项 （implicit）与正确释义长度差太多（43%），会变成"最长的那个是答案"
      ! #322 第 1 个干扰项 （fancy）与正确释义长度差太多（40%），会变成"最长的那个是答案"
      ! #327 第 3 个干扰项 （grieve）与正确释义长度差太多（233%），会变成"最长的那个是答案"
      ! #329 第 2 个干扰项 （distress）与正确释义长度差太多（46%），会变成"最长的那个是答案"
      ! #333 第 3 个干扰项 （disappoint）与正确释义长度差太多（43%），会变成"最长的那个是答案"
      ! #338 第 1 个干扰项 （mourn）与正确释义长度差太多（40%），会变成"最长的那个是答案"
      ! #338 第 2 个干扰项 （mourn）与正确释义长度差太多（40%），会变成"最长的那个是答案"
      ! #339 第 2 个干扰项 （irritate）与正确释义长度差太多（214%），会变成"最长的那个是答案"
      ! #345 第 3 个干扰项 （disgust）与正确释义长度差太多（45%），会变成"最长的那个是答案"
      ! #347 第 2 个干扰项 （harass）与正确释义长度差太多（250%），会变成"最长的那个是答案"
      ! #348 第 2 个干扰项 （bore）与正确释义长度差太多（40%），会变成"最长的那个是答案"
      ! #348 第 3 个干扰项 （bore）与正确释义长度差太多（47%），会变成"最长的那个是答案"
      ! #349 第 3 个干扰项 （bother）与正确释义长度差太多（47%），会变成"最长的那个是答案"
      ! #371 第 2 个干扰项 （restless）与正确释义长度差太多（46%），会变成"最长的那个是答案"
      ! #375 第 1 个干扰项 （fuss）与正确释义长度差太多（44%），会变成"最长的那个是答案"
      ! #375 第 2 个干扰项 （fuss）与正确释义长度差太多（44%），会变成"最长的那个是答案"
      ! #376 第 2 个干扰项 （insult）与正确释义长度差太多（43%），会变成"最长的那个是答案"
      ! #380 第 3 个干扰项 （doubt）与正确释义长度差太多（44%），会变成"最长的那个是答案"
      ! #383 第 3 个干扰项 （unsatisfactory）与正确释义长度差太多（44%），会变成"最长的那个是答案"
      ! #389 第 3 个干扰项 （confuse）与正确释义长度差太多（45%），会变成"最长的那个是答案"
      ! #392 第 1 个干扰项 （regret）与正确释义长度差太多（46%），会变成"最长的那个是答案"
      ! #394 第 1 个干扰项 （ashamed）与正确释义长度差太多（43%），会变成"最长的那个是答案"
      ! #394 第 2 个干扰项 （ashamed）与正确释义长度差太多（43%），会变成"最长的那个是答案"
      ! #394 第 3 个干扰项 （ashamed）与正确释义长度差太多（43%），会变成"最长的那个是答案"
      ! #396 第 3 个干扰项 （weep）与正确释义长度差太多（44%），会变成"最长的那个是答案"
      ! #404 第 2 个干扰项 （stupid）与正确释义长度差太多（43%），会变成"最长的那个是答案"
      ! #405 第 2 个干扰项 （awkward）与正确释义长度差太多（46%），会变成"最长的那个是答案"
      ! #405 第 3 个干扰项 （awkward）与正确释义长度差太多（46%），会变成"最长的那个是答案"
      ! #406 第 1 个干扰项 （clumsy）与正确释义长度差太多（233%），会变成"最长的那个是答案"
      ! #411 第 2 个干扰项 （obtrusive）与正确释义长度差太多（46%），会变成"最长的那个是答案"
      ! 同一句辨析被复用了 3 次（模板句学不到东西）：「pessimistic 词性不同」
      ! 同一句辨析被复用了 3 次（模板句学不到东西）：「strenuous 词性不同」
      ! 同一句辨析被复用了 3 次（模板句学不到东西）：「curative 词性不同」
      ! 同一句辨析被复用了 3 次（模板句学不到东西）：「wound 词性不同」
      ! 同一句辨析被复用了 3 次（模板句学不到东西）：「ashamed 词性不同」
      ! 同一句辨析被复用了 3 次（模板句学不到东西）：「quiet 词性不同」
      ! 同一句辨析被复用了 3 次（模板句学不到东西）：「bore 词性不同」
      ! 同一句辨析被复用了 3 次（模板句学不到东西）：「cunning 词性不同」
      ! 同一句辨析被复用了 3 次（模板句学不到东西）：「backbone 词性不同」
      ! 同一句辨析被复用了 3 次（模板句学不到东西）：「delicate 词性不同」
      ! 同一句辨析被复用了 3 次（模板句学不到东西）：「hesitate 词性不同」
      干扰项类型：同词根 105 / 形近/音近 414 / 词性不同 61 / 近义 444 / 同主题 135 / 反义 92
  ✔ 第 22 章    57/57   词  100%  辨析均值 20.7 字
      ! #10 第 1 个干扰项 （medieval）与正确释义长度差太多（43%），会变成"最长的那个是答案"
      ! #11 第 1 个干扰项 （century）与正确释义长度差太多（225%），会变成"最长的那个是答案"
      ! #12 第 1 个干扰项 （millennium）与正确释义长度差太多（44%），会变成"最长的那个是答案"
      ! #12 第 2 个干扰项 （millennium）与正确释义长度差太多（44%），会变成"最长的那个是答案"
      ! #13 第 2 个干扰项 （million）与正确释义长度差太多（225%），会变成"最长的那个是答案"
      ! #18 第 2 个干扰项 （midnight）与正确释义长度差太多（225%），会变成"最长的那个是答案"
      ! #19 第 1 个干扰项 （overnight）与正确释义长度差太多（44%），会变成"最长的那个是答案"
      ! #19 第 2 个干扰项 （overnight）与正确释义长度差太多（44%），会变成"最长的那个是答案"
      ! #19 第 3 个干扰项 （overnight）与正确释义长度差太多（44%），会变成"最长的那个是答案"
      ! #20 第 2 个干扰项 （night）与正确释义长度差太多（233%），会变成"最长的那个是答案"
      ! #39 第 1 个干扰项 （intermediate）与正确释义长度差太多（233%），会变成"最长的那个是答案"
      ! #41 第 1 个干扰项 （meantime）与正确释义长度差太多（250%），会变成"最长的那个是答案"
      ! #44 第 2 个干扰项 （ongoing）与正确释义长度差太多（44%），会变成"最长的那个是答案"
      ! #46 第 3 个干扰项 （permanent）与正确释义长度差太多（233%），会变成"最长的那个是答案"
      ! #51 第 2 个干扰项 （imminent）与正确释义长度差太多（40%），会变成"最长的那个是答案"
      干扰项类型：同词根 46 / 形近/音近 45 / 近义 55 / 同主题 15 / 反义 10

  → 清单 public/quiz-index.json：22 章可用（第 1, 2, 3, 4, 5, 6, 7, 8, 9, 10, 11, 12, 13, 14, 15, 16, 17, 18, 19, 20, 21, 22 章），已精编 3568/3568 词

✔ 题源校验通过

